Component: ARM Compiler 5.06 update 5 (build 528) Tool: armlink [4d35e2]

==============================================================================

Section Cross References

    startup_stm32f103xb.o(STACK) refers (Special) to heapauxi.o(.text) for __use_two_region_memory
    startup_stm32f103xb.o(HEAP) refers (Special) to heapauxi.o(.text) for __use_two_region_memory
    startup_stm32f103xb.o(RESET) refers (Special) to heapauxi.o(.text) for __use_two_region_memory
    startup_stm32f103xb.o(RESET) refers to startup_stm32f103xb.o(STACK) for __initial_sp
    startup_stm32f103xb.o(RESET) refers to startup_stm32f103xb.o(.text) for Reset_Handler
    startup_stm32f103xb.o(RESET) refers to stm32f1xx_it.o(i.NMI_Handler) for NMI_Handler
    startup_stm32f103xb.o(RESET) refers to stm32f1xx_it.o(i.HardFault_Handler) for HardFault_Handler
    startup_stm32f103xb.o(RESET) refers to stm32f1xx_it.o(i.MemManage_Handler) for MemManage_Handler
    startup_stm32f103xb.o(RESET) refers to stm32f1xx_it.o(i.BusFault_Handler) for BusFault_Handler
    startup_stm32f103xb.o(RESET) refers to stm32f1xx_it.o(i.UsageFault_Handler) for UsageFault_Handler
    startup_stm32f103xb.o(RESET) refers to stm32f1xx_it.o(i.SVC_Handler) for SVC_Handler
    startup_stm32f103xb.o(RESET) refers to stm32f1xx_it.o(i.DebugMon_Handler) for DebugMon_Handler
    startup_stm32f103xb.o(RESET) refers to stm32f1xx_it.o(i.PendSV_Handler) for PendSV_Handler
    startup_stm32f103xb.o(RESET) refers to stm32f1xx_it.o(i.SysTick_Handler) for SysTick_Handler
    startup_stm32f103xb.o(RESET) refers to stm32f1xx_it.o(i.DMA1_Channel1_IRQHandler) for DMA1_Channel1_IRQHandler
    startup_stm32f103xb.o(RESET) refers to stm32f1xx_it.o(i.USB_LP_CAN1_RX0_IRQHandler) for USB_LP_CAN1_RX0_IRQHandler
    startup_stm32f103xb.o(RESET) refers to stm32f1xx_it.o(i.EXTI9_5_IRQHandler) for EXTI9_5_IRQHandler
    startup_stm32f103xb.o(RESET) refers to stm32f1xx_it.o(i.TIM2_IRQHandler) for TIM2_IRQHandler
    startup_stm32f103xb.o(RESET) refers to stm32f1xx_it.o(i.EXTI15_10_IRQHandler) for EXTI15_10_IRQHandler
    startup_stm32f103xb.o(.text) refers (Special) to heapauxi.o(.text) for __use_two_region_memory
    startup_stm32f103xb.o(.text) refers to system_stm32f1xx.o(i.SystemInit) for SystemInit
    startup_stm32f103xb.o(.text) refers to __main.o(!!!main) for __main
    startup_stm32f103xb.o(.text) refers to startup_stm32f103xb.o(HEAP) for Heap_Mem
    startup_stm32f103xb.o(.text) refers to startup_stm32f103xb.o(STACK) for Stack_Mem
    main.o(i.AudioLag) refers to main.o(i.LL_ADC_REG_StartConversionSWStart) for LL_ADC_REG_StartConversionSWStart
    main.o(i.AudioLag) refers to usbd_cdc_if.o(i.CDC_Transmit_FS) for CDC_Transmit_FS
    main.o(i.AudioLag) refers to main.o(i.LL_ADC_REG_StopConversionExtTrig) for LL_ADC_REG_StopConversionExtTrig
    main.o(i.AudioLag) refers to main.o(i.u32_to_dec_str) for u32_to_dec_str
    main.o(i.AudioLag) refers to stm32f1xx_hal.o(i.HAL_Delay) for HAL_Delay
    main.o(i.AudioLag) refers to main.o(.data) for AdcAverageValue
    main.o(i.MouseLag) refers to usbd_cdc_if.o(i.CDC_Transmit_FS) for CDC_Transmit_FS
    main.o(i.MouseLag) refers to main.o(i.u32_to_dec_str) for u32_to_dec_str
    main.o(i.MouseLag) refers to main.o(.data) for Timekeeping60ms
    main.o(i.SystemClock_Config) refers to stm32f1xx_ll_utils.o(i.LL_SetSystemCoreClock) for LL_SetSystemCoreClock
    main.o(i.SystemClock_Config) refers to stm32f1xx_hal.o(i.HAL_InitTick) for HAL_InitTick
    main.o(i.SystemClock_Config) refers to main.o(i.Error_Handler) for Error_Handler
    main.o(i.main) refers to stm32f1xx_hal.o(i.HAL_Init) for HAL_Init
    main.o(i.main) refers to main.o(i.SystemClock_Config) for SystemClock_Config
    main.o(i.main) refers to gpio.o(i.MX_GPIO_Init) for MX_GPIO_Init
    main.o(i.main) refers to dma.o(i.MX_DMA_Init) for MX_DMA_Init
    main.o(i.main) refers to adc.o(i.MX_ADC1_Init) for MX_ADC1_Init
    main.o(i.main) refers to usb_device.o(i.MX_USB_DEVICE_Init) for MX_USB_DEVICE_Init
    main.o(i.main) refers to tim.o(i.MX_TIM3_Init) for MX_TIM3_Init
    main.o(i.main) refers to tim.o(i.MX_TIM4_Init) for MX_TIM4_Init
    main.o(i.main) refers to tim.o(i.MX_TIM2_Init) for MX_TIM2_Init
    main.o(i.main) refers to adc.o(i.MX_ADC2_Init) for MX_ADC2_Init
    main.o(i.main) refers to rtc.o(i.MX_RTC_Init) for MX_RTC_Init
    main.o(i.main) refers to main.o(i.Read_UID) for Read_UID
    main.o(i.main) refers to main.o(i.AudioLag) for AudioLag
    main.o(i.main) refers to main.o(i.MouseLag) for MouseLag
    main.o(i.main) refers to usbd_cdc_if.o(i.CDC_Transmit_FS) for CDC_Transmit_FS
    main.o(i.main) refers to usbd_core.o(i.USBD_Stop) for USBD_Stop
    main.o(i.main) refers to usbd_core.o(i.USBD_DeInit) for USBD_DeInit
    main.o(i.main) refers to main.o(.data) for RecCMD
    main.o(i.main) refers to main.o(.bss) for uid
    main.o(i.main) refers to main.o(.conststring) for .conststring
[...]
    i.LL_TIM_DisableMasterSlaveMode          0x080094f0   Section        0  tim.o(i.LL_TIM_DisableMasterSlaveMode)
    LL_TIM_DisableMasterSlaveMode            0x080094f1   Thumb Code    10  tim.o(i.LL_TIM_DisableMasterSlaveMode)
    i.LL_TIM_Init                            0x080094fc   Section        0  stm32f1xx_ll_tim.o(i.LL_TIM_Init)
    i.LL_TIM_SetClockSource                  0x08009580   Section        0  tim.o(i.LL_TIM_SetClockSource)
    LL_TIM_SetClockSource                    0x08009581   Thumb Code    14  tim.o(i.LL_TIM_SetClockSource)
    i.LL_TIM_SetTriggerOutput                0x0800958e   Section        0  tim.o(i.LL_TIM_SetTriggerOutput)
    LL_TIM_SetTriggerOutput                  0x0800958f   Thumb Code    12  tim.o(i.LL_TIM_SetTriggerOutput)
    i.MX_ADC1_Init                           0x0800959c   Section        0  adc.o(i.MX_ADC1_Init)
    i.MX_ADC2_Init                           0x0800986c   Section        0  adc.o(i.MX_ADC2_Init)
    i.MX_DMA_Init                            0x080098e4   Section        0  dma.o(i.MX_DMA_Init)
    i.MX_GPIO_Init                           0x080099b4   Section        0  gpio.o(i.MX_GPIO_Init)
    i.MX_RTC_Init                            0x08009a44   Section        0  rtc.o(i.MX_RTC_Init)
    i.MX_TIM2_Init                           0x08009ac4   Section        0  tim.o(i.MX_TIM2_Init)
    i.MX_TIM3_Init                           0x08009b94   Section        0  tim.o(i.MX_TIM3_Init)
    i.MX_TIM4_Init                           0x08009bf8   Section        0  tim.o(i.MX_TIM4_Init)
    i.MX_USB_DEVICE_Init                     0x08009c4c   Section        0  usb_device.o(i.MX_USB_DEVICE_Init)
    i.MemManage_Handler                      0x08009c98   Section        0  stm32f1xx_it.o(i.MemManage_Handler)
    i.MouseLag                               0x08009c9c   Section        0  main.o(i.MouseLag)
    i.NMI_Handler                            0x08009dd8   Section        0  stm32f1xx_it.o(i.NMI_Handler)
    i.PCD_EP_ISR_Handler                     0x08009ddc   Section        0  stm32f1xx_hal_pcd.o(i.PCD_EP_ISR_Handler)
    PCD_EP_ISR_Handler                       0x08009ddd   Thumb Code  1260  stm32f1xx_hal_pcd.o(i.PCD_EP_ISR_Handler)
    i.PendSV_Handler                         0x0800a2c8   Section        0  stm32f1xx_it.o(i.PendSV_Handler)
    i.Read_UID                               0x0800a2cc   Section        0  main.o(i.Read_UID)
    i.SVC_Handler                            0x0800a2f0   Section        0  stm32f1xx_it.o(i.SVC_Handler)
    i.SysTick_Handler                        0x0800a2f2   Section        0  stm32f1xx_it.o(i.SysTick_Handler)
    i.SystemClock_Config                     0x0800a2fc   Section        0  main.o(i.SystemClock_Config)
    i.SystemInit                             0x0800a498   Section        0  system_stm32f1xx.o(i.SystemInit)
    i.TIM2_IRQHandler                        0x0800a49c   Section        0  stm32f1xx_it.o(i.TIM2_IRQHandler)
    i.USBD_CDC_DataIn                        0x0800a4c8   Section        0  usbd_cdc.o(i.USBD_CDC_DataIn)
    USBD_CDC_DataIn                          0x0800a4c9   Thumb Code   124  usbd_cdc.o(i.USBD_CDC_DataIn)
    i.USBD_CDC_DataOut                       0x0800a544   Section        0  usbd_cdc.o(i.USBD_CDC_DataOut)
    USBD_CDC_DataOut                         0x0800a545   Thumb Code    52  usbd_cdc.o(i.USBD_CDC_DataOut)
    i.USBD_CDC_DeInit                        0x0800a578   Section        0  usbd_cdc.o(i.USBD_CDC_DeInit)
    USBD_CDC_DeInit                          0x0800a579   Thumb Code    78  usbd_cdc.o(i.USBD_CDC_DeInit)
    i.USBD_CDC_EP0_RxReady                   0x0800a5c6   Section        0  usbd_cdc.o(i.USBD_CDC_EP0_RxReady)
    USBD_CDC_EP0_RxReady                     0x0800a5c7   Thumb Code    50  usbd_cdc.o(i.USBD_CDC_EP0_RxReady)
    i.USBD_CDC_GetDeviceQualifierDescriptor  0x0800a5f8   Section        0  usbd_cdc.o(i.USBD_CDC_GetDeviceQualifierDescriptor)
    i.USBD_CDC_GetFSCfgDesc                  0x0800a608   Section        0  usbd_cdc.o(i.USBD_CDC_GetFSCfgDesc)
    USBD_CDC_GetFSCfgDesc                    0x0800a609   Thumb Code    10  usbd_cdc.o(i.USBD_CDC_GetFSCfgDesc)
    i.USBD_CDC_GetHSCfgDesc                  0x0800a618   Section        0  usbd_cdc.o(i.USBD_CDC_GetHSCfgDesc)
    USBD_CDC_GetHSCfgDesc                    0x0800a619   Thumb Code    10  usbd_cdc.o(i.USBD_CDC_GetHSCfgDesc)
    i.USBD_CDC_GetOtherSpeedCfgDesc          0x0800a628   Section        0  usbd_cdc.o(i.USBD_CDC_GetOtherSpeedCfgDesc)
    USBD_CDC_GetOtherSpeedCfgDesc            0x0800a629   Thumb Code    10  usbd_cdc.o(i.USBD_CDC_GetOtherSpeedCfgDesc)
    i.USBD_CDC_Init                          0x0800a638   Section        0  usbd_cdc.o(i.USBD_CDC_Init)
    USBD_CDC_Init                            0x0800a639   Thumb Code   184  usbd_cdc.o(i.USBD_CDC_Init)
    i.USBD_CDC_ReceivePacket                 0x0800a6f0   Section        0  usbd_cdc.o(i.USBD_CDC_ReceivePacket)
    i.USBD_CDC_RegisterInterface             0x0800a72a   Section        0  usbd_cdc.o(i.USBD_CDC_RegisterInterface)
    i.USBD_CDC_SetRxBuffer                   0x0800a738   Section        0  usbd_cdc.o(i.USBD_CDC_SetRxBuffer)
    i.USBD_CDC_SetTxBuffer                   0x0800a746   Section        0  usbd_cdc.o(i.USBD_CDC_SetTxBuffer)
    i.USBD_CDC_Setup                         0x0800a75a   Section        0  usbd_cdc.o(i.USBD_CDC_Setup)
    USBD_CDC_Setup                           0x0800a75b   Thumb Code   244  usbd_cdc.o(i.USBD_CDC_Setup)
    i.USBD_CDC_TransmitPacket                0x0800a84e   Section        0  usbd_cdc.o(i.USBD_CDC_TransmitPacket)
    i.USBD_ClrClassConfig                    0x0800a88c   Section        0  usbd_core.o(i.USBD_ClrClassConfig)
    i.USBD_ClrFeature                        0x0800a8a2   Section        0  usbd_ctlreq.o(i.USBD_ClrFeature)
    USBD_ClrFeature                          0x0800a8a3   Thumb Code    62  usbd_ctlreq.o(i.USBD_ClrFeature)
    i.USBD_CtlContinueRx                     0x0800a8e0   Section        0  usbd_ioreq.o(i.USBD_CtlContinueRx)
    i.USBD_CtlContinueSendData               0x0800a8f8   Section        0  usbd_ioreq.o(i.USBD_CtlContinueSendData)
    i.USBD_CtlError                          0x0800a910   Section        0  usbd_ctlreq.o(i.USBD_CtlError)
    i.USBD_CtlPrepareRx                      0x0800a928   Section        0  usbd_ioreq.o(i.USBD_CtlPrepareRx)
    i.USBD_CtlReceiveStatus                  0x0800a950   Section        0  usbd_ioreq.o(i.USBD_CtlReceiveStatus)
    i.USBD_CtlSendData                       0x0800a96a   Section        0  usbd_ioreq.o(i.USBD_CtlSendData)
    i.USBD_CtlSendStatus                     0x0800a98c   Section        0  usbd_ioreq.o(i.USBD_CtlSendStatus)
    i.USBD_DeInit                            0x0800a9a6   Section        0  usbd_core.o(i.USBD_DeInit)
    i.USBD_FS_ConfigStrDescriptor            0x0800a9cc   Section        0  usbd_desc.o(i.USBD_FS_ConfigStrDescriptor)
    i.USBD_FS_DeviceDescriptor               0x0800aa00   Section        0  usbd_desc.o(i.USBD_FS_DeviceDescriptor)
    i.USBD_FS_InterfaceStrDescriptor         0x0800aa10   Section        0  usbd_desc.o(i.USBD_FS_InterfaceStrDescriptor)
    i.USBD_FS_LangIDStrDescriptor            0x0800aa48   Section        0  usbd_desc.o(i.USBD_FS_LangIDStrDescriptor)
    i.USBD_FS_ManufacturerStrDescriptor      0x0800aa58   Section        0  usbd_desc.o(i.USBD_FS_ManufacturerStrDescriptor)
    i.USBD_FS_ProductStrDescriptor           0x0800aa84   Section        0  usbd_desc.o(i.USBD_FS_ProductStrDescriptor)
    i.USBD_FS_SerialStrDescriptor            0x0800aac4   Section        0  usbd_desc.o(i.USBD_FS_SerialStrDescriptor)
    i.USBD_GetConfig                         0x0800aadc   Section        0  usbd_ctlreq.o(i.USBD_GetConfig)
    USBD_GetConfig                           0x0800aadd   Thumb Code    86  usbd_ctlreq.o(i.USBD_GetConfig)
    i.USBD_GetDescriptor                     0x0800ab32   Section        0  usbd_ctlreq.o(i.USBD_GetDescriptor)
    USBD_GetDescriptor                       0x0800ab33   Thumb Code   500  usbd_ctlreq.o(i.USBD_GetDescriptor)
    i.USBD_GetLen                            0x0800ad26   Section        0  usbd_ctlreq.o(i.USBD_GetLen)
    USBD_GetLen                              0x0800ad27   Thumb Code    20  usbd_ctlreq.o(i.USBD_GetLen)
    i.USBD_GetStatus                         0x0800ad3a   Section        0  usbd_ctlreq.o(i.USBD_GetStatus)
    USBD_GetStatus                           0x0800ad3b   Thumb Code    90  usbd_ctlreq.o(i.USBD_GetStatus)
    i.USBD_GetString                         0x0800ad94   Section        0  usbd_ctlreq.o(i.USBD_GetString)
    i.USBD_Get_USB_Status                    0x0800ade6   Section        0  usbd_conf.o(i.USBD_Get_USB_Status)
    USBD_Get_USB_Status                      0x0800ade7   Thumb Code    44  usbd_conf.o(i.USBD_Get_USB_Status)
    i.USBD_Init                              0x0800ae12   Section        0  usbd_core.o(i.USBD_Init)
    i.USBD_LL_ClearStallEP                   0x0800ae44   Section        0  usbd_conf.o(i.USBD_LL_ClearStallEP)
    i.USBD_LL_CloseEP                        0x0800ae6a   Section        0  usbd_conf.o(i.USBD_LL_CloseEP)
    i.USBD_LL_DataInStage                    0x0800ae90   Section        0  usbd_core.o(i.USBD_LL_DataInStage)
    i.USBD_LL_DataOutStage                   0x0800af90   Section        0  usbd_core.o(i.USBD_LL_DataOutStage)
    i.USBD_LL_DeInit                         0x0800b036   Section        0  usbd_conf.o(i.USBD_LL_DeInit)
    i.USBD_LL_GetRxDataSize                  0x0800b054   Section        0  usbd_conf.o(i.USBD_LL_GetRxDataSize)
    i.USBD_LL_Init                           0x0800b068   Section        0  usbd_conf.o(i.USBD_LL_Init)
    i.USBD_LL_IsStallEP                      0x0800b0ec   Section        0  usbd_conf.o(i.USBD_LL_IsStallEP)
    i.USBD_LL_OpenEP                         0x0800b124   Section        0  usbd_conf.o(i.USBD_LL_OpenEP)
    i.USBD_LL_PrepareReceive                 0x0800b154   Section        0  usbd_conf.o(i.USBD_LL_PrepareReceive)
    i.USBD_LL_Reset                          0x0800b184   Section        0  usbd_core.o(i.USBD_LL_Reset)
    i.USBD_LL_Resume                         0x0800b1e0   Section        0  usbd_core.o(i.USBD_LL_Resume)
    i.USBD_LL_SOF                            0x0800b1f6   Section        0  usbd_core.o(i.USBD_LL_SOF)
    i.USBD_LL_SetSpeed                       0x0800b218   Section        0  usbd_core.o(i.USBD_LL_SetSpeed)
    i.USBD_LL_SetUSBAddress                  0x0800b220   Section        0  usbd_conf.o(i.USBD_LL_SetUSBAddress)
    i.USBD_LL_SetupStage                     0x0800b246   Section        0  usbd_core.o(i.USBD_LL_SetupStage)
    i.USBD_LL_StallEP                        0x0800b2b4   Section        0  usbd_conf.o(i.USBD_LL_StallEP)
    i.USBD_LL_Start                          0x0800b2da   Section        0  usbd_conf.o(i.USBD_LL_Start)
    i.USBD_LL_Stop                           0x0800b2f8   Section        0  usbd_conf.o(i.USBD_LL_Stop)
    i.USBD_LL_Suspend                        0x0800b316   Section        0  usbd_core.o(i.USBD_LL_Suspend)
    i.USBD_LL_Transmit                       0x0800b32a   Section        0  usbd_conf.o(i.USBD_LL_Transmit)
    i.USBD_ParseSetupRequest                 0x0800b35a   Section        0  usbd_ctlreq.o(i.USBD_ParseSetupRequest)
    i.USBD_RegisterClass                     0x0800b382   Section        0  usbd_core.o(i.USBD_RegisterClass)
    i.USBD_RunTestMode                       0x0800b392   Section        0  usbd_core.o(i.USBD_RunTestMode)
    i.USBD_SetAddress                        0x0800b398   Section        0  usbd_ctlreq.o(i.USBD_SetAddress)
    USBD_SetAddress                          0x0800b399   Thumb Code    90  usbd_ctlreq.o(i.USBD_SetAddress)
    i.USBD_SetClassConfig                    0x0800b3f2   Section        0  usbd_core.o(i.USBD_SetClassConfig)
    i.USBD_SetConfig                         0x0800b414   Section        0  usbd_ctlreq.o(i.USBD_SetConfig)
    USBD_SetConfig                           0x0800b415   Thumb Code   228  usbd_ctlreq.o(i.USBD_SetConfig)
    i.USBD_SetFeature                        0x0800b4fc   Section        0  usbd_ctlreq.o(i.USBD_SetFeature)
    USBD_SetFeature                          0x0800b4fd   Thumb Code    24  usbd_ctlreq.o(i.USBD_SetFeature)
    i.USBD_Start                             0x0800b514   Section        0  usbd_core.o(i.USBD_Start)
    i.USBD_StdDevReq                         0x0800b522   Section        0  usbd_ctlreq.o(i.USBD_StdDevReq)
    i.USBD_StdEPReq                          0x0800b5c4   Section        0  usbd_ctlreq.o(i.USBD_StdEPReq)
    i.USBD_StdItfReq                         0x0800b7fc   Section        0  usbd_ctlreq.o(i.USBD_StdItfReq)
    i.USBD_Stop                              0x0800b87a   Section        0  usbd_core.o(i.USBD_Stop)
    i.USBD_static_free                       0x0800b894   Section        0  usbd_conf.o(i.USBD_static_free)
    i.USBD_static_malloc                     0x0800b898   Section        0  usbd_conf.o(i.USBD_static_malloc)
    i.USB_ActivateEndpoint                   0x0800b8a4   Section        0  stm32f1xx_ll_usb.o(i.USB_ActivateEndpoint)
    i.USB_CoreInit                           0x0800bd54   Section        0  stm32f1xx_ll_usb.o(i.USB_CoreInit)
    i.USB_DeactivateEndpoint                 0x0800bd5c   Section        0  stm32f1xx_ll_usb.o(i.USB_DeactivateEndpoint)
    i.USB_DevConnect                         0x0800bfd8   Section        0  stm32f1xx_ll_usb.o(i.USB_DevConnect)
    i.USB_DevDisconnect                      0x0800bfde   Section        0  stm32f1xx_ll_usb.o(i.USB_DevDisconnect)
    i.USB_DevInit                            0x0800bfe4   Section        0  stm32f1xx_ll_usb.o(i.USB_DevInit)
    i.USB_DisableGlobalInt                   0x0800bffa   Section        0  stm32f1xx_ll_usb.o(i.USB_DisableGlobalInt)
    i.USB_EP0_OutStart                       0x0800c00e   Section        0  stm32f1xx_ll_usb.o(i.USB_EP0_OutStart)
    i.USB_EPClearStall                       0x0800c014   Section        0  stm32f1xx_ll_usb.o(i.USB_EPClearStall)
    i.USB_EPSetStall                         0x0800c0ee   Section        0  stm32f1xx_ll_usb.o(i.USB_EPSetStall)
    i.USB_EPStartXfer                        0x0800c14a   Section        0  stm32f1xx_ll_usb.o(i.USB_EPStartXfer)
    i.USB_EnableGlobalInt                    0x0800cb9a   Section        0  stm32f1xx_ll_usb.o(i.USB_EnableGlobalInt)
    i.USB_LP_CAN1_RX0_IRQHandler             0x0800cbac   Section        0  stm32f1xx_it.o(i.USB_LP_CAN1_RX0_IRQHandler)
    i.USB_ReadInterrupts                     0x0800cbbc   Section        0  stm32f1xx_ll_usb.o(i.USB_ReadInterrupts)
    i.USB_ReadPMA                            0x0800cbc4   Section        0  stm32f1xx_ll_usb.o(i.USB_ReadPMA)
    i.USB_SetCurrentMode                     0x0800cc0e   Section        0  stm32f1xx_ll_usb.o(i.USB_SetCurrentMode)
    i.USB_SetDevAddress                      0x0800cc14   Section        0  stm32f1xx_ll_usb.o(i.USB_SetDevAddress)
    i.USB_StopDevice                         0x0800cc22   Section        0  stm32f1xx_ll_usb.o(i.USB_StopDevice)
    i.USB_WritePMA                           0x0800cc38   Section        0  stm32f1xx_ll_usb.o(i.USB_WritePMA)
    i.UsageFault_Handler                     0x0800cc78   Section        0  stm32f1xx_it.o(i.UsageFault_Handler)
    i.__NVIC_GetPriorityGrouping             0x0800cc7c   Section        0  stm32f1xx_hal_cortex.o(i.__NVIC_GetPriorityGrouping)
    __NVIC_GetPriorityGrouping               0x0800cc7d   Thumb Code    10  stm32f1xx_hal_cortex.o(i.__NVIC_GetPriorityGrouping)
    i.__NVIC_SetPriority                     0x0800cc8c   Section        0  stm32f1xx_hal_cortex.o(i.__NVIC_SetPriority)
    __NVIC_SetPriority                       0x0800cc8d   Thumb Code    32  stm32f1xx_hal_cortex.o(i.__NVIC_SetPriority)
    i.main                                   0x0800ccb4   Section        0  main.o(i.main)
    i.u32_to_dec_str                         0x0800ce58   Section        0  main.o(i.u32_to_dec_str)
    .constdata                               0x0800ceca   Section       42  adc.o(.constdata)
    CHANNEL_OFFSET_TAB                       0x0800ceca   Data           7  adc.o(.constdata)
    OFFSET_TAB_CCMRx                         0x0800ced1   Data           7  adc.o(.constdata)
    SHIFT_TAB_OCxx                           0x0800ced8   Data           7  adc.o(.constdata)
    SHIFT_TAB_ICxx                           0x0800cedf   Data           7  adc.o(.constdata)
    SHIFT_TAB_CCxP                           0x0800cee6   Data           7  adc.o(.constdata)
    SHIFT_TAB_OISx                           0x0800ceed   Data           7  adc.o(.constdata)
    .conststring                             0x0800cef4   Section       22  main.o(.conststring)
    .data                                    0x20000000   Section       22  main.o(.data)
    .data                                    0x20000018   Section       78  usbd_desc.o(.data)
    .data                                    0x20000068   Section       16  usbd_cdc_if.o(.data)
    .data                                    0x20000078   Section        9  stm32f1xx_hal.o(.data)
    .data                                    0x20000084   Section        4  system_stm32f1xx.o(.data)
    .data                                    0x20000088   Section        1  usbd_ctlreq.o(.data)
    cfgidx                                   0x20000088   Data           1  usbd_ctlreq.o(.data)
    .data                                    0x2000008c   Section      271  usbd_cdc.o(.data)
    USBD_CDC_DeviceQualifierDesc             0x2000008c   Data          10  usbd_cdc.o(.data)
    .bss                                     0x2000019c   Section      140  main.o(.bss)
    .bss                                     0x20000228   Section       48  adc.o(.bss)
    .bss                                     0x20000258   Section      708  usb_device.o(.bss)
    .bss                                     0x2000051c   Section      512  usbd_desc.o(.bss)
    .bss                                     0x2000071c   Section     2048  usbd_cdc_if.o(.bss)
    .bss                                     0x20000f1c   Section     1272  usbd_conf.o(.bss)
    mem                                      0x200011f4   Data         544  usbd_conf.o(.bss)
    .bss                                     0x20001414   Section       96  libspace.o(.bss)
    HEAP                                     0x20001478   Section     1024  startup_stm32f103xb.o(HEAP)
    Heap_Mem                                 0x20001478   Data        1024  startup_stm32f103xb.o(HEAP)
    STACK                                    0x20001878   Section     1536  startup_stm32f103xb.o(STACK)
    Stack_Mem                                0x20001878   Data        1536  startup_stm32f103xb.o(STACK)
    __initial_sp                             0x20001e78   Data           0  startup_stm32f103xb.o(STACK)

    Global Symbols

    Symbol Name                              Value     Ov Type        Size  Object(Section)

    BuildAttributes$$THM_ISAv4$P$D$K$B$S$PE$A:L22UL41UL21$X:L11$S22US41US21$IEEE1$IW$USESV6$~STKCKD$USESV7$~SHL$OSPACE$ROPI$EBA8$UX$STANDARDLIB$REQ8$PRES8$EABIv2 0x00000000   Number         0  anon$$obj.o ABSOLUTE
    __ARM_use_no_argv                        0x00000000   Number         0  main.o ABSOLUTE
    __ARM_exceptions_init                     - Undefined Weak Reference
    __alloca_initialize                       - Undefined Weak Reference
    __arm_preinit_                            - Undefined Weak Reference
    __cpp_initialize__aeabi_                  - Undefined Weak Reference
    __cxa_finalize                            - Undefined Weak Reference
    __rt_locale                               - Undefined Weak Reference
    __sigvec_lookup                           - Undefined Weak Reference
    _atexit_init                              - Undefined Weak Reference
    _call_atexit_fns                          - Undefined Weak Reference
    _clock_init                               - Undefined Weak Reference
    _fp_trap_init                             - Undefined Weak Reference
    _fp_trap_shutdown                         - Undefined Weak Reference
    _get_lc_collate                           - Undefined Weak Reference
    _get_lc_ctype                             - Undefined Weak Reference
    _get_lc_monetary                          - Undefined Weak Reference
    _get_lc_numeric                           - Undefined Weak Reference
    _get_lc_time                              - Undefined Weak Reference
    _getenv_init                              - Undefined Weak Reference
    _handle_redirection                       - Undefined Weak Reference
    _init_alloc                               - Undefined Weak Reference
    _init_user_alloc                          - Undefined Weak Reference
    _initio                                   - Undefined Weak Reference
    _rand_init                                - Undefined Weak Reference
    _signal_finish                            - Undefined Weak Reference
    _signal_init                              - Undefined Weak Reference
    _terminate_alloc                          - Undefined Weak Reference
    _terminate_user_alloc                     - Undefined Weak Reference
    _terminateio                              - Undefined Weak Reference
    __Vectors_Size                           0x000000ec   Number         0  startup_stm32f103xb.o ABSOLUTE
    __Vectors                                0x08007000   Data           4  startup_stm32f103xb.o(RESET)
    __Vectors_End                            0x080070ec   Data           0  startup_stm32f103xb.o(RESET)
    __main                                   0x080070ed   Thumb Code     8  __main.o(!!!main)
    __scatterload                            0x080070f5   Thumb Code     0  __scatter.o(!!!scatter)
    __scatterload_rt2                        0x080070f5   Thumb Code    44  __scatter.o(!!!scatter)
    __scatterload_rt2_thumb_only             0x080070f5   Thumb Code     0  __scatter.o(!!!scatter)
    __scatterload_null                       0x08007103   Thumb Code     0  __scatter.o(!!!scatter)
    __decompress                             0x08007129   Thumb Code    90  __dczerorl2.o(!!dczerorl2)
    __decompress1                            0x08007129   Thumb Code     0  __dczerorl2.o(!!dczerorl2)
    __scatterload_zeroinit                   0x08007185   Thumb Code    28  __scatter_zi.o(!!handler_zi)
    __rt_lib_init                            0x080071a1   Thumb Code     0  libinit.o(.ARM.Collect$$libinit$$00000000)
    __rt_lib_init_alloca_1                   0x080071a3   Thumb Code     0  libinit2.o(.ARM.Collect$$libinit$$0000002E)
    __rt_lib_init_argv_1                     0x080071a3   Thumb Code     0  libinit2.o(.ARM.Collect$$libinit$$0000002C)
    __rt_lib_init_atexit_1                   0x080071a3   Thumb Code     0  libinit2.o(.ARM.Collect$$libinit$$0000001B)
    __rt_lib_init_clock_1                    0x080071a3   Thumb Code     0  libinit2.o(.ARM.Collect$$libinit$$00000021)
    __rt_lib_init_cpp_1                      0x080071a3   Thumb Code     0  libinit2.o(.ARM.Collect$$libinit$$00000032)
    __rt_lib_init_exceptions_1               0x080071a3   Thumb Code     0  libinit2.o(.ARM.Collect$$libinit$$00000030)
    __rt_lib_init_fp_1                       0x080071a3   Thumb Code     0  libinit2.o(.ARM.Collect$$libinit$$00000002)
    __rt_lib_init_fp_trap_1                  0x080071a3   Thumb Code     0  libinit2.o(.ARM.Collect$$libinit$$0000001F)
    __rt_lib_init_getenv_1                   0x080071a3   Thumb Code     0  libinit2.o(.ARM.Collect$$libinit$$00000023)
    __rt_lib_init_heap_1                     0x080071a3   Thumb Code     0  libinit2.o(.ARM.Collect$$libinit$$0000000A)
    __rt_lib_init_lc_collate_1               0x080071a3   Thumb Code     0  libinit2.o(.ARM.Collect$$libinit$$00000011)
    __rt_lib_init_lc_ctype_1                 0x080071a3   Thumb Code     0  libinit2.o(.ARM.Collect$$libinit$$00000013)
    __rt_lib_init_lc_monetary_1              0x080071a3   Thumb Code     0  libinit2.o(.ARM.Collect$$libinit$$00000015)
    __rt_lib_init_lc_numeric_1               0x080071a3   Thumb Code     0  libinit2.o(.ARM.Collect$$libinit$$00000017)
    __rt_lib_init_lc_time_1                  0x080071a3   Thumb Code     0  libinit2.o(.ARM.Collect$$libinit$$00000019)
    __rt_lib_init_preinit_1                  0x080071a3   Thumb Code     0  libinit2.o(.ARM.Collect$$libinit$$00000004)
    __rt_lib_init_rand_1                     0x080071a3   Thumb Code     0  libinit2.o(.ARM.Collect$$libinit$$0000000E)
    __rt_lib_init_return                     0x080071a3   Thumb Code     0  libinit2.o(.ARM.Collect$$libinit$$00000033)
    __rt_lib_init_signal_1                   0x080071a3   Thumb Code     0  libinit2.o(.ARM.Collect$$libinit$$0000001D)
    __rt_lib_init_stdio_1                    0x080071a3   Thumb Code     0  libinit2.o(.ARM.Collect$$libinit$$00000025)
    __rt_lib_init_user_alloc_1               0x080071a3   Thumb Code     0  libinit2.o(.ARM.Collect$$libinit$$0000000C)
    __rt_lib_shutdown                        0x080071a5   Thumb Code     0  libshutdown.o(.ARM.Collect$$libshutdown$$00000000)
    __rt_lib_shutdown_cpp_1                  0x080071a7   Thumb Code     0  libshutdown2.o(.ARM.Collect$$libshutdown$$00000002)
    __rt_lib_shutdown_fp_trap_1              0x080071a7   Thumb Code     0  libshutdown2.o(.ARM.Collect$$libshutdown$$00000007)
    __rt_lib_shutdown_heap_1                 0x080071a7   Thumb Code     0  libshutdown2.o(.ARM.Collect$$libshutdown$$0000000F)
    __rt_lib_shutdown_return                 0x080071a7   Thumb Code     0  libshutdown2.o(.ARM.Collect$$libshutdown$$00000010)
    __rt_lib_shutdown_signal_1               0x080071a7   Thumb Code     0  libshutdown2.o(.ARM.Collect$$libshutdown$$0000000A)
    __rt_lib_shutdown_stdio_1                0x080071a7   Thumb Code     0  libshutdown2.o(.ARM.Collect$$libshutdown$$00000004)
    __rt_lib_shutdown_user_alloc_1           0x080071a7   Thumb Code     0  libshutdown2.o(.ARM.Collect$$libshutdown$$0000000C)
    __rt_entry                               0x080071a9   Thumb Code     0  __rtentry.o(.ARM.Collect$$rtentry$$00000000)
    __rt_entry_presh_1                       0x080071a9   Thumb Code     0  __rtentry2.o(.ARM.Collect$$rtentry$$00000002)
    __rt_entry_sh                            0x080071a9   Thumb Code     0  __rtentry4.o(.ARM.Collect$$rtentry$$00000004)
    __rt_entry_li                            0x080071af   Thumb Code     0  __rtentry2.o(.ARM.Collect$$rtentry$$0000000A)
    __rt_entry_postsh_1                      0x080071af   Thumb Code     0  __rtentry2.o(.ARM.Collect$$rtentry$$00000009)
    __rt_entry_main                          0x080071b3   Thumb Code     0  __rtentry2.o(.ARM.Collect$$rtentry$$0000000D)
    __rt_entry_postli_1                      0x080071b3   Thumb Code     0  __rtentry2.o(.ARM.Collect$$rtentry$$0000000C)
    __rt_exit                                0x080071bb   Thumb Code     0  rtexit.o(.ARM.Collect$$rtexit$$00000000)
    __rt_exit_ls                             0x080071bd   Thumb Code     0  rtexit2.o(.ARM.Collect$$rtexit$$00000003)
    __rt_exit_prels_1                        0x080071bd   Thumb Code     0  rtexit2.o(.ARM.Collect$$rtexit$$00000002)
    __rt_exit_exit                           0x080071c1   Thumb Code     0  rtexit2.o(.ARM.Collect$$rtexit$$00000004)
    Reset_Handler                            0x080071c9   Thumb Code     8  startup_stm32f103xb.o(.text)
    ADC1_2_IRQHandler                        0x080071e3   Thumb Code     0  startup_stm32f103xb.o(.text)
    CAN1_RX1_IRQHandler                      0x080071e3   Thumb Code     0  startup_stm32f103xb.o(.text)
    CAN1_SCE_IRQHandler                      0x080071e3   Thumb Code     0  startup_stm32f103xb.o(.text)
    DMA1_Channel2_IRQHandler                 0x080071e3   Thumb Code     0  startup_stm32f103xb.o(.text)
    DMA1_Channel3_IRQHandler                 0x080071e3   Thumb Code     0  startup_stm32f103xb.o(.text)
    DMA1_Channel4_IRQHandler                 0x080071e3   Thumb Code     0  startup_stm32f103xb.o(.text)
    DMA1_Channel5_IRQHandler                 0x080071e3   Thumb Code     0  startup_stm32f103xb.o(.text)
    DMA1_Channel6_IRQHandler                 0x080071e3   Thumb Code     0  startup_stm32f103xb.o(.text)
    DMA1_Channel7_IRQHandler                 0x080071e3   Thumb Code     0  startup_stm32f103xb.o(.text)
    EXTI0_IRQHandler                         0x080071e3   Thumb Code     0  startup_stm32f103xb.o(.text)
    EXTI1_IRQHandler                         0x080071e3   Thumb Code     0  startup_stm32f103xb.o(.text)
    EXTI2_IRQHandler                         0x080071e3   Thumb Code     0  startup_stm32f103xb.o(.text)
    EXTI3_IRQHandler                         0x080071e3   Thumb Code     0  startup_stm32f103xb.o(.text)
    EXTI4_IRQHandler                         0x080071e3   Thumb Code     0  startup_stm32f103xb.o(.text)
    FLASH_IRQHandler                         0x080071e3   Thumb Code     0  startup_stm32f103xb.o(.text)
    I2C1_ER_IRQHandler                       0x080071e3   Thumb Code     0  startup_stm32f103xb.o(.text)
    I2C1_EV_IRQHandler                       0x080071e3   Thumb Code     0  startup_stm32f103xb.o(.text)
    I2C2_ER_IRQHandler                       0x080071e3   Thumb Code     0  startup_stm32f103xb.o(.text)
    I2C2_EV_IRQHandler                       0x080071e3   Thumb Code     0  startup_stm32f103xb.o(.text)
    PVD_IRQHandler                           0x080071e3   Thumb Code     0  startup_stm32f103xb.o(.text)
    RCC_IRQHandler                           0x080071e3   Thumb Code     0  startup_stm32f103xb.o(.text)
    RTC_Alarm_IRQHandler                     0x080071e3   Thumb Code     0  startup_stm32f103xb.o(.text)
    RTC_IRQHandler                           0x080071e3   Thumb Code     0  startup_stm32f103xb.o(.text)
    SPI1_IRQHandler                          0x080071e3   Thumb Code     0  startup_stm32f103xb.o(.text)
    SPI2_IRQHandler                          0x080071e3   Thumb Code     0  startup_stm32f103xb.o(.text)
    TAMPER_IRQHandler                        0x080071e3   Thumb Code     0  startup_stm32f103xb.o(.text)
    TIM1_BRK_IRQHandler                      0x080071e3   Thumb Code     0  startup_stm32f103xb.o(.text)
    TIM1_CC_IRQHandler                       0x080071e3   Thumb Code     0  startup_stm32f103xb.o(.text)
    TIM1_TRG_COM_IRQHandler                  0x080071e3   Thumb Code     0  startup_stm32f103xb.o(.text)
    TIM1_UP_IRQHandler                       0x080071e3   Thumb Code     0  startup_stm32f103xb.o(.text)
    TIM3_IRQHandler                          0x080071e3   Thumb Code     0  startup_stm32f103xb.o(.text)
    TIM4_IRQHandler                          0x080071e3   Thumb Code     0  startup_stm32f103xb.o(.text)
    USART1_IRQHandler                        0x080071e3   Thumb Code     0  startup_stm32f103xb.o(.text)
    USART2_IRQHandler                        0x080071e3   Thumb Code     0  startup_stm32f103xb.o(.text)
    USART3_IRQHandler                        0x080071e3   Thumb Code     0  startup_stm32f103xb.o(.text)
    USBWakeUp_IRQHandler                     0x080071e3   Thumb Code     0  startup_stm32f103xb.o(.text)
    USB_HP_CAN1_TX_IRQHandler                0x080071e3   Thumb Code     0  startup_stm32f103xb.o(.text)
    WWDG_IRQHandler                          0x080071e3   Thumb Code     0  startup_stm32f103xb.o(.text)
    __user_initial_stackheap                 0x080071e5   Thumb Code     0  startup_stm32f103xb.o(.text)
    __aeabi_memclr4                          0x08007209   Thumb Code     0  rt_memclr_w.o(.text)
    __aeabi_memclr8                          0x08007209   Thumb Code     0  rt_memclr_w.o(.text)
    __rt_memclr_w                            0x08007209   Thumb Code    78  rt_memclr_w.o(.text)
    _memset_w                                0x0800720d   Thumb Code     0  rt_memclr_w.o(.text)
    __use_two_region_memory                  0x08007257   Thumb Code     2  heapauxi.o(.text)
    __rt_heap_escrow$2region                 0x08007259   Thumb Code     2  heapauxi.o(.text)
    __rt_heap_expand$2region                 0x0800725b   Thumb Code     2  heapauxi.o(.text)
    __user_setup_stackheap                   0x0800725d   Thumb Code    74  sys_stackheap_outer.o(.text)
    exit                                     0x080072a7   Thumb Code    18  exit.o(.text)
    __user_libspace                          0x080072b9   Thumb Code     8  libspace.o(.text)
    __user_perproc_libspace                  0x080072b9   Thumb Code     0  libspace.o(.text)
    __user_perthread_libspace                0x080072b9   Thumb Code     0  libspace.o(.text)
    _sys_exit                                0x080072c1   Thumb Code     8  sys_exit.o(.text)
    __I$use$semihosting                      0x080072cd   Thumb Code     0  use_no_semi.o(.text)
    __use_no_semihosting_swi                 0x080072cd   Thumb Code     2  use_no_semi.o(.text)
    ADC_ConversionStop_Disable               0x080072cf   Thumb Code    92  stm32f1xx_hal_adc.o(i.ADC_ConversionStop_Disable)
    __semihosting_library_function           0x080072cf   Thumb Code     0  indicate_semi.o(.text)
    AudioLag                                 0x0800732d   Thumb Code   590  main.o(i.AudioLag)
    BusFault_Handler                         0x0800759d   Thumb Code     4  stm32f1xx_it.o(i.BusFault_Handler)
    CDC_Transmit_FS                          0x080076cd   Thumb Code    50  usbd_cdc_if.o(i.CDC_Transmit_FS)
    DMA1_Channel1_IRQHandler                 0x08007705   Thumb Code    34  stm32f1xx_it.o(i.DMA1_Channel1_IRQHandler)
    DebugMon_Handler                         0x08007731   Thumb Code     2  stm32f1xx_it.o(i.DebugMon_Handler)
    EXTI15_10_IRQHandler                     0x08007735   Thumb Code    28  stm32f1xx_it.o(i.EXTI15_10_IRQHandler)
    EXTI9_5_IRQHandler                       0x08007755   Thumb Code    38  stm32f1xx_it.o(i.EXTI9_5_IRQHandler)
    Error_Handler                            0x0800777b   Thumb Code     6  main.o(i.Error_Handler)
    HAL_ADC_ConfigChannel                    0x080077b5   Thumb Code   338  stm32f1xx_hal_adc.o(i.HAL_ADC_ConfigChannel)
    HAL_ADC_Init                             0x08007915   Thumb Code   314  stm32f1xx_hal_adc.o(i.HAL_ADC_Init)
    HAL_ADC_MspInit                          0x08007a59   Thumb Code    98  adc.o(i.HAL_ADC_MspInit)
    HAL_Delay                                0x08007ac9   Thumb Code    36  stm32f1xx_hal.o(i.HAL_Delay)
    HAL_GPIO_Init                            0x08007af1   Thumb Code   766  stm32f1xx_hal_gpio.o(i.HAL_GPIO_Init)
    HAL_GPIO_WritePin                        0x08007e11   Thumb Code    12  stm32f1xx_hal_gpio.o(i.HAL_GPIO_WritePin)
    HAL_GetTick                              0x08007e1d   Thumb Code     6  stm32f1xx_hal.o(i.HAL_GetTick)
    HAL_IncTick                              0x08007e29   Thumb Code    16  stm32f1xx_hal.o(i.HAL_IncTick)
    HAL_Init                                 0x08007e41   Thumb Code    34  stm32f1xx_hal.o(i.HAL_Init)
    HAL_InitTick                             0x08007e69   Thumb Code    64  stm32f1xx_hal.o(i.HAL_InitTick)
    HAL_MspInit                              0x08007eb5   Thumb Code    76  stm32f1xx_hal_msp.o(i.HAL_MspInit)
    HAL_NVIC_DisableIRQ                      0x08007f09   Thumb Code    62  stm32f1xx_hal_cortex.o(i.HAL_NVIC_DisableIRQ)
    HAL_NVIC_EnableIRQ                       0x08007f4d   Thumb Code    32  stm32f1xx_hal_cortex.o(i.HAL_NVIC_EnableIRQ)
    HAL_NVIC_SetPriority                     0x08007f6d   Thumb Code   124  stm32f1xx_hal_cortex.o(i.HAL_NVIC_SetPriority)
    HAL_NVIC_SetPriorityGrouping             0x08007fe9   Thumb Code    32  stm32f1xx_hal_cortex.o(i.HAL_NVIC_SetPriorityGrouping)
    HAL_PCDEx_PMAConfig                      0x08008011   Thumb Code    68  stm32f1xx_hal_pcd_ex.o(i.HAL_PCDEx_PMAConfig)
    HAL_PCDEx_SetConnectionState             0x08008055   Thumb Code     2  usbd_conf.o(i.HAL_PCDEx_SetConnectionState)
    HAL_PCD_DataInStageCallback              0x08008057   Thumb Code    32  usbd_conf.o(i.HAL_PCD_DataInStageCallback)
    HAL_PCD_DataOutStageCallback             0x08008077   Thumb Code    32  usbd_conf.o(i.HAL_PCD_DataOutStageCallback)
    HAL_PCD_DeInit                           0x08008097   Thumb Code    44  stm32f1xx_hal_pcd.o(i.HAL_PCD_DeInit)
    HAL_PCD_EP_Close                         0x080080c3   Thumb Code   106  stm32f1xx_hal_pcd.o(i.HAL_PCD_EP_Close)
    HAL_PCD_EP_ClrStall                      0x0800812d   Thumb Code   124  stm32f1xx_hal_pcd.o(i.HAL_PCD_EP_ClrStall)
    HAL_PCD_EP_GetRxCount                    0x0800883f   Thumb Code    22  stm32f1xx_hal_pcd.o(i.HAL_PCD_EP_GetRxCount)
    HAL_PCD_EP_Open                          0x08008855   Thumb Code   132  stm32f1xx_hal_pcd.o(i.HAL_PCD_EP_Open)
    HAL_PCD_EP_Receive                       0x080088d9   Thumb Code    60  stm32f1xx_hal_pcd.o(i.HAL_PCD_EP_Receive)
    HAL_PCD_EP_SetStall                      0x08008915   Thumb Code   136  stm32f1xx_hal_pcd.o(i.HAL_PCD_EP_SetStall)
    HAL_PCD_EP_Transmit                      0x0800899d   Thumb Code    70  stm32f1xx_hal_pcd.o(i.HAL_PCD_EP_Transmit)
    HAL_PCD_IRQHandler                       0x080089e3   Thumb Code   460  stm32f1xx_hal_pcd.o(i.HAL_PCD_IRQHandler)
    HAL_PCD_Init                             0x08008baf   Thumb Code   316  stm32f1xx_hal_pcd.o(i.HAL_PCD_Init)
    HAL_PCD_MspDeInit                        0x08008ced   Thumb Code    32  usbd_conf.o(i.HAL_PCD_MspDeInit)
    HAL_PCD_MspInit                          0x08008d15   Thumb Code    58  usbd_conf.o(i.HAL_PCD_MspInit)
    HAL_PCD_ResetCallback                    0x08008d59   Thumb Code    36  usbd_conf.o(i.HAL_PCD_ResetCallback)
    HAL_PCD_ResumeCallback                   0x08008d7d   Thumb Code    14  usbd_conf.o(i.HAL_PCD_ResumeCallback)
    HAL_PCD_SOFCallback                      0x08008d8b   Thumb Code    14  usbd_conf.o(i.HAL_PCD_SOFCallback)
    HAL_PCD_SetAddress                       0x08008d99   Thumb Code    52  stm32f1xx_hal_pcd.o(i.HAL_PCD_SetAddress)
    HAL_PCD_SetupStageCallback               0x08008dcd   Thumb Code    18  usbd_conf.o(i.HAL_PCD_SetupStageCallback)
    HAL_PCD_Start                            0x08008ddf   Thumb Code    60  stm32f1xx_hal_pcd.o(i.HAL_PCD_Start)
    HAL_PCD_Stop                             0x08008e1b   Thumb Code    60  stm32f1xx_hal_pcd.o(i.HAL_PCD_Stop)
    HAL_PCD_SuspendCallback                  0x08008e59   Thumb Code    30  usbd_conf.o(i.HAL_PCD_SuspendCallback)
    HAL_SYSTICK_Config                       0x08008e7d   Thumb Code    52  stm32f1xx_hal_cortex.o(i.HAL_SYSTICK_Config)
    HardFault_Handler                        0x08008eb1   Thumb Code     4  stm32f1xx_it.o(i.HardFault_Handler)
    LL_ADC_CommonInit                        0x08008ef5   Thumb Code    64  stm32f1xx_ll_adc.o(i.LL_ADC_CommonInit)
    LL_ADC_Init                              0x08008f47   Thumb Code    48  stm32f1xx_ll_adc.o(i.LL_ADC_Init)
    LL_ADC_REG_Init                          0x08008f8d   Thumb Code    98  stm32f1xx_ll_adc.o(i.LL_ADC_REG_Init)
    LL_EXTI_Init                             0x080090d5   Thumb Code   184  stm32f1xx_ll_exti.o(i.LL_EXTI_Init)
    LL_GPIO_Init                             0x080091d5   Thumb Code   296  stm32f1xx_ll_gpio.o(i.LL_GPIO_Init)
    LL_RTC_EnterInitMode                     0x08009347   Thumb Code    70  stm32f1xx_ll_rtc.o(i.LL_RTC_EnterInitMode)
    LL_RTC_ExitInitMode                      0x0800938d   Thumb Code    70  stm32f1xx_ll_rtc.o(i.LL_RTC_ExitInitMode)
    LL_RTC_Init                              0x080093d5   Thumb Code   144  stm32f1xx_ll_rtc.o(i.LL_RTC_Init)
    LL_RTC_WaitForSynchro                    0x0800947d   Thumb Code    70  stm32f1xx_ll_rtc.o(i.LL_RTC_WaitForSynchro)
    LL_SetSystemCoreClock                    0x080094d1   Thumb Code     6  stm32f1xx_ll_utils.o(i.LL_SetSystemCoreClock)
    LL_TIM_Init                              0x080094fd   Thumb Code   118  stm32f1xx_ll_tim.o(i.LL_TIM_Init)
    MX_ADC1_Init                             0x0800959d   Thumb Code   686  adc.o(i.MX_ADC1_Init)
    MX_ADC2_Init                             0x0800986d   Thumb Code   110  adc.o(i.MX_ADC2_Init)
    MX_DMA_Init                              0x080098e5   Thumb Code   194  dma.o(i.MX_DMA_Init)
    MX_GPIO_Init                             0x080099b5   Thumb Code   124  gpio.o(i.MX_GPIO_Init)
    MX_RTC_Init                              0x08009a45   Thumb Code   114  rtc.o(i.MX_RTC_Init)
    MX_TIM2_Init                             0x08009ac5   Thumb Code   200  tim.o(i.MX_TIM2_Init)
    MX_TIM3_Init                             0x08009b95   Thumb Code    94  tim.o(i.MX_TIM3_Init)
    MX_TIM4_Init                             0x08009bf9   Thumb Code    78  tim.o(i.MX_TIM4_Init)
    MX_USB_DEVICE_Init                       0x08009c4d   Thumb Code    60  usb_device.o(i.MX_USB_DEVICE_Init)
    MemManage_Handler                        0x08009c99   Thumb Code     4  stm32f1xx_it.o(i.MemManage_Handler)
    MouseLag                                 0x08009c9d   Thumb Code   294  main.o(i.MouseLag)
    NMI_Handler                              0x08009dd9   Thumb Code     4  stm32f1xx_it.o(i.NMI_Handler)
    PendSV_Handler                           0x0800a2c9   Thumb Code     2  stm32f1xx_it.o(i.PendSV_Handler)
    Read_UID                                 0x0800a2cd   Thumb Code    30  main.o(i.Read_UID)
    SVC_Handler                              0x0800a2f1   Thumb Code     2  stm32f1xx_it.o(i.SVC_Handler)
    SysTick_Handler                          0x0800a2f3   Thumb Code     8  stm32f1xx_it.o(i.SysTick_Handler)
    SystemClock_Config                       0x0800a2fd   Thumb Code   396  main.o(i.SystemClock_Config)
    SystemInit                               0x0800a499   Thumb Code     2  system_stm32f1xx.o(i.SystemInit)
    TIM2_IRQHandler                          0x0800a49d   Thumb Code    40  stm32f1xx_it.o(i.TIM2_IRQHandler)
    USBD_CDC_GetDeviceQualifierDescriptor    0x0800a5f9   Thumb Code    10  usbd_cdc.o(i.USBD_CDC_GetDeviceQualifierDescriptor)
    USBD_CDC_ReceivePacket                   0x0800a6f1   Thumb Code    58  usbd_cdc.o(i.USBD_CDC_ReceivePacket)
    USBD_CDC_RegisterInterface               0x0800a72b   Thumb Code    14  usbd_cdc.o(i.USBD_CDC_RegisterInterface)
    USBD_CDC_SetRxBuffer                     0x0800a739   Thumb Code    14  usbd_cdc.o(i.USBD_CDC_SetRxBuffer)
    USBD_CDC_SetTxBuffer                     0x0800a747   Thumb Code    20  usbd_cdc.o(i.USBD_CDC_SetTxBuffer)
    USBD_CDC_TransmitPacket                  0x0800a84f   Thumb Code    62  usbd_cdc.o(i.USBD_CDC_TransmitPacket)
    USBD_ClrClassConfig                      0x0800a88d   Thumb Code    22  usbd_core.o(i.USBD_ClrClassConfig)
    USBD_CtlContinueRx                       0x0800a8e1   Thumb Code    24  usbd_ioreq.o(i.USBD_CtlContinueRx)
    USBD_CtlContinueSendData                 0x0800a8f9   Thumb Code    24  usbd_ioreq.o(i.USBD_CtlContinueSendData)
    USBD_CtlError                            0x0800a911   Thumb Code    24  usbd_ctlreq.o(i.USBD_CtlError)
    USBD_CtlPrepareRx                        0x0800a929   Thumb Code    40  usbd_ioreq.o(i.USBD_CtlPrepareRx)
    USBD_CtlReceiveStatus                    0x0800a951   Thumb Code    26  usbd_ioreq.o(i.USBD_CtlReceiveStatus)
    USBD_CtlSendData                         0x0800a96b   Thumb Code    34  usbd_ioreq.o(i.USBD_CtlSendData)
    USBD_CtlSendStatus                       0x0800a98d   Thumb Code    26  usbd_ioreq.o(i.USBD_CtlSendStatus)
    USBD_DeInit                              0x0800a9a7   Thumb Code    38  usbd_core.o(i.USBD_DeInit)
    USBD_FS_ConfigStrDescriptor              0x0800a9cd   Thumb Code    34  usbd_desc.o(i.USBD_FS_ConfigStrDescriptor)
    USBD_FS_DeviceDescriptor                 0x0800aa01   Thumb Code    10  usbd_desc.o(i.USBD_FS_DeviceDescriptor)
    USBD_FS_InterfaceStrDescriptor           0x0800aa11   Thumb Code    34  usbd_desc.o(i.USBD_FS_InterfaceStrDescriptor)
    USBD_FS_LangIDStrDescriptor              0x0800aa49   Thumb Code    10  usbd_desc.o(i.USBD_FS_LangIDStrDescriptor)
    USBD_FS_ManufacturerStrDescriptor        0x0800aa59   Thumb Code    20  usbd_desc.o(i.USBD_FS_ManufacturerStrDescriptor)
    USBD_FS_ProductStrDescriptor             0x0800aa85   Thumb Code    34  usbd_desc.o(i.USBD_FS_ProductStrDescriptor)
    USBD_FS_SerialStrDescriptor              0x0800aac5   Thumb Code    18  usbd_desc.o(i.USBD_FS_SerialStrDescriptor)
    USBD_GetString                           0x0800ad95   Thumb Code    82  usbd_ctlreq.o(i.USBD_GetString)
    USBD_Init                                0x0800ae13   Thumb Code    50  usbd_core.o(i.USBD_Init)
    USBD_LL_ClearStallEP                     0x0800ae45   Thumb Code    38  usbd_conf.o(i.USBD_LL_ClearStallEP)
    USBD_LL_CloseEP                          0x0800ae6b   Thumb Code    38  usbd_conf.o(i.USBD_LL_CloseEP)
    USBD_LL_DataInStage                      0x0800ae91   Thumb Code   256  usbd_core.o(i.USBD_LL_DataInStage)
    USBD_LL_DataOutStage                     0x0800af91   Thumb Code   166  usbd_core.o(i.USBD_LL_DataOutStage)
    USBD_LL_DeInit                           0x0800b037   Thumb Code    30  usbd_conf.o(i.USBD_LL_DeInit)
    USBD_LL_GetRxDataSize                    0x0800b055   Thumb Code    18  usbd_conf.o(i.USBD_LL_GetRxDataSize)
    USBD_LL_Init                             0x0800b069   Thumb Code   124  usbd_conf.o(i.USBD_LL_Init)
    USBD_LL_IsStallEP                        0x0800b0ed   Thumb Code    56  usbd_conf.o(i.USBD_LL_IsStallEP)
    USBD_LL_OpenEP                           0x0800b125   Thumb Code    48  usbd_conf.o(i.USBD_LL_OpenEP)
    USBD_LL_PrepareReceive                   0x0800b155   Thumb Code    48  usbd_conf.o(i.USBD_LL_PrepareReceive)
    USBD_LL_Reset                            0x0800b185   Thumb Code    92  usbd_core.o(i.USBD_LL_Reset)
    USBD_LL_Resume                           0x0800b1e1   Thumb Code    22  usbd_core.o(i.USBD_LL_Resume)
    USBD_LL_SOF                              0x0800b1f7   Thumb Code    34  usbd_core.o(i.USBD_LL_SOF)
    USBD_LL_SetSpeed                         0x0800b219   Thumb Code     8  usbd_core.o(i.USBD_LL_SetSpeed)
    USBD_LL_SetUSBAddress                    0x0800b221   Thumb Code    38  usbd_conf.o(i.USBD_LL_SetUSBAddress)
    USBD_LL_SetupStage                       0x0800b247   Thumb Code   110  usbd_core.o(i.USBD_LL_SetupStage)
    USBD_LL_StallEP                          0x0800b2b5   Thumb Code    38  usbd_conf.o(i.USBD_LL_StallEP)
    USBD_LL_Start                            0x0800b2db   Thumb Code    30  usbd_conf.o(i.USBD_LL_Start)
    USBD_LL_Stop                             0x0800b2f9   Thumb Code    30  usbd_conf.o(i.USBD_LL_Stop)
    USBD_LL_Suspend                          0x0800b317   Thumb Code    20  usbd_core.o(i.USBD_LL_Suspend)
    USBD_LL_Transmit                         0x0800b32b   Thumb Code    48  usbd_conf.o(i.USBD_LL_Transmit)
    USBD_ParseSetupRequest                   0x0800b35b   Thumb Code    40  usbd_ctlreq.o(i.USBD_ParseSetupRequest)
    USBD_RegisterClass                       0x0800b383   Thumb Code    16  usbd_core.o(i.USBD_RegisterClass)
    USBD_RunTestMode                         0x0800b393   Thumb Code     6  usbd_core.o(i.USBD_RunTestMode)
    USBD_SetClassConfig                      0x0800b3f3   Thumb Code    34  usbd_core.o(i.USBD_SetClassConfig)
    USBD_Start                               0x0800b515   Thumb Code    14  usbd_core.o(i.USBD_Start)
    USBD_StdDevReq                           0x0800b523   Thumb Code   162  usbd_ctlreq.o(i.USBD_StdDevReq)
    USBD_StdEPReq                            0x0800b5c5   Thumb Code   568  usbd_ctlreq.o(i.USBD_StdEPReq)
    USBD_StdItfReq                           0x0800b7fd   Thumb Code   126  usbd_ctlreq.o(i.USBD_StdItfReq)
    USBD_Stop                                0x0800b87b   Thumb Code    26  usbd_core.o(i.USBD_Stop)
    USBD_static_free                         0x0800b895   Thumb Code     2  usbd_conf.o(i.USBD_static_free)
    USBD_static_malloc                       0x0800b899   Thumb Code     6  usbd_conf.o(i.USBD_static_malloc)
    USB_ActivateEndpoint                     0x0800b8a5   Thumb Code  1200  stm32f1xx_ll_usb.o(i.USB_ActivateEndpoint)
    USB_CoreInit                             0x0800bd55   Thumb Code     8  stm32f1xx_ll_usb.o(i.USB_CoreInit)
    USB_DeactivateEndpoint                   0x0800bd5d   Thumb Code   636  stm32f1xx_ll_usb.o(i.USB_DeactivateEndpoint)
    USB_DevConnect                           0x0800bfd9   Thumb Code     6  stm32f1xx_ll_usb.o(i.USB_DevConnect)
    USB_DevDisconnect                        0x0800bfdf   Thumb Code     6  stm32f1xx_ll_usb.o(i.USB_DevDisconnect)
    USB_DevInit                              0x0800bfe5   Thumb Code    22  stm32f1xx_ll_usb.o(i.USB_DevInit)
    USB_DisableGlobalInt                     0x0800bffb   Thumb Code    20  stm32f1xx_ll_usb.o(i.USB_DisableGlobalInt)
    USB_EP0_OutStart                         0x0800c00f   Thumb Code     6  stm32f1xx_ll_usb.o(i.USB_EP0_OutStart)
    USB_EPClearStall                         0x0800c015   Thumb Code   218  stm32f1xx_ll_usb.o(i.USB_EPClearStall)
    USB_EPSetStall                           0x0800c0ef   Thumb Code    92  stm32f1xx_ll_usb.o(i.USB_EPSetStall)
    USB_EPStartXfer                          0x0800c14b   Thumb Code  2640  stm32f1xx_ll_usb.o(i.USB_EPStartXfer)
    USB_EnableGlobalInt                      0x0800cb9b   Thumb Code    18  stm32f1xx_ll_usb.o(i.USB_EnableGlobalInt)
    USB_LP_CAN1_RX0_IRQHandler               0x0800cbad   Thumb Code    10  stm32f1xx_it.o(i.USB_LP_CAN1_RX0_IRQHandler)
    USB_ReadInterrupts                       0x0800cbbd   Thumb Code     8  stm32f1xx_ll_usb.o(i.USB_ReadInterrupts)
    USB_ReadPMA                              0x0800cbc5   Thumb Code    74  stm32f1xx_ll_usb.o(i.USB_ReadPMA)
    USB_SetCurrentMode                       0x0800cc0f   Thumb Code     6  stm32f1xx_ll_usb.o(i.USB_SetCurrentMode)
    USB_SetDevAddress                        0x0800cc15   Thumb Code    14  stm32f1xx_ll_usb.o(i.USB_SetDevAddress)
    USB_StopDevice                           0x0800cc23   Thumb Code    22  stm32f1xx_ll_usb.o(i.USB_StopDevice)
    USB_WritePMA                             0x0800cc39   Thumb Code    64  stm32f1xx_ll_usb.o(i.USB_WritePMA)
    UsageFault_Handler                       0x0800cc79   Thumb Code     4  stm32f1xx_it.o(i.UsageFault_Handler)
    main                                     0x0800ccb5   Thumb Code   358  main.o(i.main)
    u32_to_dec_str                           0x0800ce59   Thumb Code   114  main.o(i.u32_to_dec_str)
    Region$$Table$$Base                      0x0800cf0c   Number         0  anon$$obj.o(Region$$Table)
    Region$$Table$$Limit                     0x0800cf2c   Number         0  anon$$obj.o(Region$$Table)
    RecCMD                                   0x20000000   Data           1  main.o(.data)
    ReadyCount                               0x20000001   Data           1  main.o(.data)
    AdcAverageValue                          0x20000004   Data           4  main.o(.data)
    AudioAdcTemp                             0x20000008   Data           2  main.o(.data)
    Timekeeping1us                           0x2000000c   Data           4  main.o(.data)
    Timekeeping60ms                          0x20000010   Data           4  main.o(.data)
    SwitchSta                                0x20000014   Data           1  main.o(.data)
    Ph2Sta                                   0x20000015   Data           1  main.o(.data)
    FS_Desc                                  0x20000018   Data          28  usbd_desc.o(.data)
    USBD_FS_DeviceDesc                       0x20000034   Data          18  usbd_desc.o(.data)
    USBD_LangIDDesc                          0x20000048   Data           4  usbd_desc.o(.data)
    USBD_StringSerial                        0x2000004c   Data          26  usbd_desc.o(.data)
    USBD_Interface_fops_FS                   0x20000068   Data          16  usbd_cdc_if.o(.data)
    uwTick                                   0x20000078   Data           4  stm32f1xx_hal.o(.data)
    uwTickPrio                               0x2000007c   Data           4  stm32f1xx_hal.o(.data)
    uwTickFreq                               0x20000080   Data           1  stm32f1xx_hal.o(.data)
    SystemCoreClock                          0x20000084   Data           4  system_stm32f1xx.o(.data)
    USBD_CDC                                 0x20000098   Data          56  usbd_cdc.o(.data)
    USBD_CDC_CfgHSDesc                       0x200000d0   Data          67  usbd_cdc.o(.data)
    USBD_CDC_CfgFSDesc                       0x20000114   Data          67  usbd_cdc.o(.data)
    USBD_CDC_OtherSpeedCfgDesc               0x20000158   Data          67  usbd_cdc.o(.data)
    uid                                      0x2000019c   Data          12  main.o(.bss)
    AdcBuffA                                 0x200001a8   Data          64  main.o(.bss)
    AdcBuffB                                 0x200001e8   Data          64  main.o(.bss)
    hadc2                                    0x20000228   Data          48  adc.o(.bss)
    hUsbDeviceFS                             0x20000258   Data         708  usb_device.o(.bss)
    USBD_StrDesc                             0x2000051c   Data         512  usbd_desc.o(.bss)
    UserRxBufferFS                           0x2000071c   Data        1024  usbd_cdc_if.o(.bss)
    UserTxBufferFS                           0x20000b1c   Data        1024  usbd_cdc_if.o(.bss)
    hpcd_USB_FS                              0x20000f1c   Data         728  usbd_conf.o(.bss)
    __libspace_start                         0x20001414   Data          96  libspace.o(.bss)
    __temporary_stack_top$libspace           0x20001474   Data           0  libspace.o(.bss)



==============================================================================

Memory Map of the image

  Image Entry point : 0x080070ed

  Load Region LR_IROM1 (Base: 0x08007000, Size: 0x000060c8, Max: 0x00010000, ABSOLUTE, COMPRESSED[0x00005ff4])

    Execution Region ER_IROM1 (Exec base: 0x08007000, Load base: 0x08007000, Size: 0x00005f2c, Max: 0x00010000, ABSOLUTE)

    Exec Addr    Load Addr    Size         Type   Attr      Idx    E Section Name        Object

    0x08007000   0x08007000   0x000000ec   Data   RO            3    RESET               startup_stm32f103xb.o
    0x080070ec   0x080070ec   0x00000008   Code   RO         4063  * !!!main             c_w.l(__main.o)
    0x080070f4   0x080070f4   0x00000034   Code   RO         4222    !!!scatter          c_w.l(__scatter.o)
    0x08007128   0x08007128   0x0000005a   Code   RO         4220    !!dczerorl2         c_w.l(__dczerorl2.o)
    0x08007182   0x08007182   0x00000002   PAD
    0x08007184   0x08007184   0x0000001c   Code   RO         4224    !!handler_zi        c_w.l(__scatter_zi.o)
    0x080071a0   0x080071a0   0x00000002   Code   RO         4090    .ARM.Collect$$libinit$$00000000  c_w.l(libinit.o)
    0x080071a2   0x080071a2   0x00000000   Code   RO         4097    .ARM.Collect$$libinit$$00000002  c_w.l(libinit2.o)
    0x080071a2   0x080071a2   0x00000000   Code   RO         4099    .ARM.Collect$$libinit$$00000004  c_w.l(libinit2.o)
    0x080071a2   0x080071a2   0x00000000   Code   RO         4102    .ARM.Collect$$libinit$$0000000A  c_w.l(libinit2.o)
    0x080071a2   0x080071a2   0x00000000   Code   RO         4104    .ARM.Collect$$libinit$$0000000C  c_w.l(libinit2.o)
    0x080071a2   0x080071a2   0x00000000   Code   RO         4106    .ARM.Collect$$libinit$$0000000E  c_w.l(libinit2.o)
    0x080071a2   0x080071a2   0x00000000   Code   RO         4109    .ARM.Collect$$libinit$$00000011  c_w.l(libinit2.o)
    0x080071a2   0x080071a2   0x00000000   Code   RO         4111    .ARM.Collect$$libinit$$00000013  c_w.l(libinit2.o)
    0x080071a2   0x080071a2   0x00000000   Code   RO         4113    .ARM.Collect$$libinit$$00000015  c_w.l(libinit2.o)
    0x080071a2   0x080071a2   0x00000000   Code   RO         4115    .ARM.Collect$$libinit$$00000017  c_w.l(libinit2.o)
    0x080071a2   0x080071a2   0x00000000   Code   RO         4117    .ARM.Collect$$libinit$$00000019  c_w.l(libinit2.o)
    0x080071a2   0x080071a2   0x00000000   Code   RO         4119    .ARM.Collect$$libinit$$0000001B  c_w.l(libinit2.o)
    0x080071a2   0x080071a2   0x00000000   Code   RO         4121    .ARM.Collect$$libinit$$0000001D  c_w.l(libinit2.o)
    0x080071a2   0x080071a2   0x00000000   Code   RO         4123    .ARM.Collect$$libinit$$0000001F  c_w.l(libinit2.o)
    0x080071a2   0x080071a2   0x00000000   Code   RO         4125    .ARM.Collect$$libinit$$00000021  c_w.l(libinit2.o)
    0x080071a2   0x080071a2   0x00000000   Code   RO         4127    .ARM.Collect$$libinit$$00000023  c_w.l(libinit2.o)
    0x080071a2   0x080071a2   0x00000000   Code   RO         4129    .ARM.Collect$$libinit$$00000025  c_w.l(libinit2.o)
    0x080071a2   0x080071a2   0x00000000   Code   RO         4133    .ARM.Collect$$libinit$$0000002C  c_w.l(libinit2.o)
    0x080071a2   0x080071a2   0x00000000   Code   RO         4135    .ARM.Collect$$libinit$$0000002E  c_w.l(libinit2.o)
    0x080071a2   0x080071a2   0x00000000   Code   RO         4137    .ARM.Collect$$libinit$$00000030  c_w.l(libinit2.o)
    0x080071a2   0x080071a2   0x00000000   Code   RO         4139    .ARM.Collect$$libinit$$00000032  c_w.l(libinit2.o)
    0x080071a2   0x080071a2   0x00000002   Code   RO         4140    .ARM.Collect$$libinit$$00000033  c_w.l(libinit2.o)
    0x080071a4   0x080071a4   0x00000002   Code   RO         4160    .ARM.Collect$$libshutdown$$00000000  c_w.l(libshutdown.o)
    0x080071a6   0x080071a6   0x00000000   Code   RO         4173    .ARM.Collect$$libshutdown$$00000002  c_w.l(libshutdown2.o)
    0x080071a6   0x080071a6   0x00000000   Code   RO         4175    .ARM.Collect$$libshutdown$$00000004  c_w.l(libshutdown2.o)
    0x080071a6   0x080071a6   0x00000000   Code   RO         4178    .ARM.Collect$$libshutdown$$00000007  c_w.l(libshutdown2.o)
    0x080071a6   0x080071a6   0x00000000   Code   RO         4181    .ARM.Collect$$libshutdown$$0000000A  c_w.l(libshutdown2.o)
    0x080071a6   0x080071a6   0x00000000   Code   RO         4183    .ARM.Collect$$libshutdown$$0000000C  c_w.l(libshutdown2.o)
    0x080071a6   0x080071a6   0x00000000   Code   RO         4186    .ARM.Collect$$libshutdown$$0000000F  c_w.l(libshutdown2.o)
    0x080071a6   0x080071a6   0x00000002   Code   RO         4187    .ARM.Collect$$libshutdown$$00000010  c_w.l(libshutdown2.o)
    0x080071a8   0x080071a8   0x00000000   Code   RO         4065    .ARM.Collect$$rtentry$$00000000  c_w.l(__rtentry.o)
    0x080071a8   0x080071a8   0x00000000   Code   RO         4067    .ARM.Collect$$rtentry$$00000002  c_w.l(__rtentry2.o)
    0x080071a8   0x080071a8   0x00000006   Code   RO         4079    .ARM.Collect$$rtentry$$00000004  c_w.l(__rtentry4.o)
    0x080071ae   0x080071ae   0x00000000   Code   RO         4069    .ARM.Collect$$rtentry$$00000009  c_w.l(__rtentry2.o)
    0x080071ae   0x080071ae   0x00000004   Code   RO         4070    .ARM.Collect$$rtentry$$0000000A  c_w.l(__rtentry2.o)
    0x080071b2   0x080071b2   0x00000000   Code   RO         4072    .ARM.Collect$$rtentry$$0000000C  c_w.l(__rtentry2.o)
    0x080071b2   0x080071b2   0x00000008   Code   RO         4073    .ARM.Collect$$rtentry$$0000000D  c_w.l(__rtentry2.o)
    0x080071ba   0x080071ba   0x00000002   Code   RO         4094    .ARM.Collect$$rtexit$$00000000  c_w.l(rtexit.o)
    0x080071bc   0x080071bc   0x00000000   Code   RO         4142    .ARM.Collect$$rtexit$$00000002  c_w.l(rtexit2.o)
    0x080071bc   0x080071bc   0x00000004   Code   RO         4143    .ARM.Collect$$rtexit$$00000003  c_w.l(rtexit2.o)
    0x080071c0   0x080071c0   0x00000006   Code   RO         4144    .ARM.Collect$$rtexit$$00000004  c_w.l(rtexit2.o)
    0x080071c6   0x080071c6   0x00000002   PAD
    0x080071c8   0x080071c8   0x00000040   Code   RO            4    .text               startup_stm32f103xb.o
    0x08007208   0x08007208   0x0000004e   Code   RO         4059    .text               c_w.l(rt_memclr_w.o)
    0x08007256   0x08007256   0x00000006   Code   RO         4061    .text               c_w.l(heapauxi.o)
    0x0800725c   0x0800725c   0x0000004a   Code   RO         4081    .text               c_w.l(sys_stackheap_outer.o)
    0x080072a6   0x080072a6   0x00000012   Code   RO         4083    .text               c_w.l(exit.o)
    0x080072b8   0x080072b8   0x00000008   Code   RO         4091    .text               c_w.l(libspace.o)
    0x080072c0   0x080072c0   0x0000000c   Code   RO         4152    .text               c_w.l(sys_exit.o)
    0x080072cc   0x080072cc   0x00000002   Code   RO         4163    .text               c_w.l(use_no_semi.o)
    0x080072ce   0x080072ce   0x00000000   Code   RO         4165    .text               c_w.l(indicate_semi.o)
    0x080072ce   0x080072ce   0x0000005c   Code   RO         3045    i.ADC_ConversionStop_Disable  stm32f1xx_hal_adc.o
    0x0800732a   0x0800732a   0x00000002   PAD
    0x0800732c   0x0800732c   0x00000270   Code   RO           13    i.AudioLag          main.o
    0x0800759c   0x0800759c   0x00000004   Code   RO          541    i.BusFault_Handler  stm32f1xx_it.o
    0x080075a0   0x080075a0   0x00000044   Code   RO          834    i.CDC_Control_FS    usbd_cdc_if.o
    0x080075e4   0x080075e4   0x00000004   Code   RO          835    i.CDC_DeInit_FS     usbd_cdc_if.o
    0x080075e8   0x080075e8   0x00000024   Code   RO          836    i.CDC_Init_FS       usbd_cdc_if.o
    0x0800760c   0x0800760c   0x000000c0   Code   RO          837    i.CDC_Receive_FS    usbd_cdc_if.o
    0x080076cc   0x080076cc   0x00000038   Code   RO          838    i.CDC_Transmit_FS   usbd_cdc_if.o
    0x08007704   0x08007704   0x0000002c   Code   RO          542    i.DMA1_Channel1_IRQHandler  stm32f1xx_it.o
    0x08007730   0x08007730   0x00000002   Code   RO          543    i.DebugMon_Handler  stm32f1xx_it.o
    0x08007732   0x08007732   0x00000002   PAD
    0x08007734   0x08007734   0x00000020   Code   RO          544    i.EXTI15_10_IRQHandler  stm32f1xx_it.o
    0x08007754   0x08007754   0x00000026   Code   RO          545    i.EXTI9_5_IRQHandler  stm32f1xx_it.o
    0x0800777a   0x0800777a   0x00000006   Code   RO           14    i.Error_Handler     main.o
    0x08007780   0x08007780   0x00000034   Code   RO          743    i.Get_SerialNum     usbd_desc.o
    0x080077b4   0x080077b4   0x00000160   Code   RO         3051    i.HAL_ADC_ConfigChannel  stm32f1xx_hal_adc.o
    0x08007914   0x08007914   0x00000144   Code   RO         3060    i.HAL_ADC_Init      stm32f1xx_hal_adc.o
    0x08007a58   0x08007a58   0x00000070   Code   RO          329    i.HAL_ADC_MspInit   adc.o
    0x08007ac8   0x08007ac8   0x00000028   Code   RO         1917    i.HAL_Delay         stm32f1xx_hal.o
    0x08007af0   0x08007af0   0x00000320   Code   RO         2232    i.HAL_GPIO_Init     stm32f1xx_hal_gpio.o
    0x08007e10   0x08007e10   0x0000000c   Code   RO         2236    i.HAL_GPIO_WritePin  stm32f1xx_hal_gpio.o
    0x08007e1c   0x08007e1c   0x0000000c   Code   RO         1921    i.HAL_GetTick       stm32f1xx_hal.o
    0x08007e28   0x08007e28   0x00000018   Code   RO         1927    i.HAL_IncTick       stm32f1xx_hal.o
    0x08007e40   0x08007e40   0x00000028   Code   RO         1928    i.HAL_Init          stm32f1xx_hal.o
    0x08007e68   0x08007e68   0x0000004c   Code   RO         1929    i.HAL_InitTick      stm32f1xx_hal.o
    0x08007eb4   0x08007eb4   0x00000054   Code   RO          668    i.HAL_MspInit       stm32f1xx_hal_msp.o
    0x08007f08   0x08007f08   0x00000044   Code   RO         2391    i.HAL_NVIC_DisableIRQ  stm32f1xx_hal_cortex.o
    0x08007f4c   0x08007f4c   0x00000020   Code   RO         2392    i.HAL_NVIC_EnableIRQ  stm32f1xx_hal_cortex.o
    0x08007f6c   0x08007f6c   0x0000007c   Code   RO         2398    i.HAL_NVIC_SetPriority  stm32f1xx_hal_cortex.o
    0x08007fe8   0x08007fe8   0x00000028   Code   RO         2399    i.HAL_NVIC_SetPriorityGrouping  stm32f1xx_hal_cortex.o
    0x08008010   0x08008010   0x00000044   Code   RO         1435    i.HAL_PCDEx_PMAConfig  stm32f1xx_hal_pcd_ex.o
    0x08008054   0x08008054   0x00000002   Code   RO          895    i.HAL_PCDEx_SetConnectionState  usbd_conf.o
    0x08008056   0x08008056   0x00000020   Code   RO          897    i.HAL_PCD_DataInStageCallback  usbd_conf.o
    0x08008076   0x08008076   0x00000020   Code   RO          898    i.HAL_PCD_DataOutStageCallback  usbd_conf.o
    0x08008096   0x08008096   0x0000002c   Code   RO         1201    i.HAL_PCD_DeInit    stm32f1xx_hal_pcd.o
    0x080080c2   0x080080c2   0x0000006a   Code   RO         1206    i.HAL_PCD_EP_Close  stm32f1xx_hal_pcd.o
    0x0800812c   0x0800812c   0x0000007c   Code   RO         1207    i.HAL_PCD_EP_ClrStall  stm32f1xx_hal_pcd.o
    0x080081a8   0x080081a8   0x00000158   Code   RO         1208    i.HAL_PCD_EP_DB_Receive  stm32f1xx_hal_pcd.o
    0x08008300   0x08008300   0x0000053e   Code   RO         1209    i.HAL_PCD_EP_DB_Transmit  stm32f1xx_hal_pcd.o
    0x0800883e   0x0800883e   0x00000016   Code   RO         1211    i.HAL_PCD_EP_GetRxCount  stm32f1xx_hal_pcd.o
    0x08008854   0x08008854   0x00000084   Code   RO         1212    i.HAL_PCD_EP_Open   stm32f1xx_hal_pcd.o
    0x080088d8   0x080088d8   0x0000003c   Code   RO         1213    i.HAL_PCD_EP_Receive  stm32f1xx_hal_pcd.o
    0x08008914   0x08008914   0x00000088   Code   RO         1214    i.HAL_PCD_EP_SetStall  stm32f1xx_hal_pcd.o
    0x0800899c   0x0800899c   0x00000046   Code   RO         1215    i.HAL_PCD_EP_Transmit  stm32f1xx_hal_pcd.o
    0x080089e2   0x080089e2   0x000001cc   Code   RO         1217    i.HAL_PCD_IRQHandler  stm32f1xx_hal_pcd.o
    0x08008bae   0x08008bae   0x0000013c   Code   RO         1220    i.HAL_PCD_Init      stm32f1xx_hal_pcd.o
    0x08008cea   0x08008cea   0x00000002   PAD
    0x08008cec   0x08008cec   0x00000028   Code   RO          902    i.HAL_PCD_MspDeInit  usbd_conf.o
    0x08008d14   0x08008d14   0x00000044   Code   RO          903    i.HAL_PCD_MspInit   usbd_conf.o
    0x08008d58   0x08008d58   0x00000024   Code   RO          904    i.HAL_PCD_ResetCallback  usbd_conf.o
    0x08008d7c   0x08008d7c   0x0000000e   Code   RO          905    i.HAL_PCD_ResumeCallback  usbd_conf.o
    0x08008d8a   0x08008d8a   0x0000000e   Code   RO          906    i.HAL_PCD_SOFCallback  usbd_conf.o
    0x08008d98   0x08008d98   0x00000034   Code   RO         1226    i.HAL_PCD_SetAddress  stm32f1xx_hal_pcd.o
    0x08008dcc   0x08008dcc   0x00000012   Code   RO          907    i.HAL_PCD_SetupStageCallback  usbd_conf.o
    0x08008dde   0x08008dde   0x0000003c   Code   RO         1228    i.HAL_PCD_Start     stm32f1xx_hal_pcd.o
    0x08008e1a   0x08008e1a   0x0000003c   Code   RO         1229    i.HAL_PCD_Stop      stm32f1xx_hal_pcd.o
    0x08008e56   0x08008e56   0x00000002   PAD
    0x08008e58   0x08008e58   0x00000024   Code   RO          908    i.HAL_PCD_SuspendCallback  usbd_conf.o
    0x08008e7c   0x08008e7c   0x00000034   Code   RO         2403    i.HAL_SYSTICK_Config  stm32f1xx_hal_cortex.o
    0x08008eb0   0x08008eb0   0x00000004   Code   RO          546    i.HardFault_Handler  stm32f1xx_it.o
    0x08008eb4   0x08008eb4   0x0000003e   Code   RO          744    i.IntToUnicode      usbd_desc.o
    0x08008ef2   0x08008ef2   0x00000002   PAD
    0x08008ef4   0x08008ef4   0x00000048   Code   RO         2919    i.LL_ADC_CommonInit  stm32f1xx_ll_adc.o
    0x08008f3c   0x08008f3c   0x0000000a   Code   RO          330    i.LL_ADC_Enable     adc.o
    0x08008f46   0x08008f46   0x00000030   Code   RO         2924    i.LL_ADC_Init       stm32f1xx_ll_adc.o
    0x08008f76   0x08008f76   0x0000000a   Code   RO          331    i.LL_ADC_IsCalibrationOnGoing  adc.o
    0x08008f80   0x08008f80   0x0000000a   Code   RO         2925    i.LL_ADC_IsEnabled  stm32f1xx_ll_adc.o
    0x08008f8a   0x08008f8a   0x00000002   PAD
    0x08008f8c   0x08008f8c   0x00000068   Code   RO         2926    i.LL_ADC_REG_Init   stm32f1xx_ll_adc.o
    0x08008ff4   0x08008ff4   0x0000000a   Code   RO           15    i.LL_ADC_REG_StartConversionSWStart  main.o
    0x08008ffe   0x08008ffe   0x0000000a   Code   RO           16    i.LL_ADC_REG_StopConversionExtTrig  main.o
    0x08009008   0x08009008   0x0000000a   Code   RO          332    i.LL_ADC_StartCalibration  adc.o
    0x08009012   0x08009012   0x00000002   PAD
    0x08009014   0x08009014   0x0000001c   Code   RO          471    i.LL_APB1_GRP1_EnableClock  tim.o
    0x08009030   0x08009030   0x0000001c   Code   RO          258    i.LL_APB2_GRP1_EnableClock  gpio.o
    0x0800904c   0x0800904c   0x0000001c   Code   RO          333    i.LL_APB2_GRP1_EnableClock  adc.o
    0x08009068   0x08009068   0x0000000c   Code   RO          547    i.LL_EXTI_ClearFlag_0_31  stm32f1xx_it.o
    0x08009074   0x08009074   0x00000010   Code   RO         1842    i.LL_EXTI_DisableEvent_0_31  stm32f1xx_ll_exti.o
    0x08009084   0x08009084   0x00000010   Code   RO         1843    i.LL_EXTI_DisableIT_0_31  stm32f1xx_ll_exti.o
    0x08009094   0x08009094   0x00000010   Code   RO         1844    i.LL_EXTI_EnableEvent_0_31  stm32f1xx_ll_exti.o
    0x080090a4   0x080090a4   0x00000010   Code   RO         1845    i.LL_EXTI_EnableFallingTrig_0_31  stm32f1xx_ll_exti.o
    0x080090b4   0x080090b4   0x00000010   Code   RO         1846    i.LL_EXTI_EnableIT_0_31  stm32f1xx_ll_exti.o
    0x080090c4   0x080090c4   0x00000010   Code   RO         1847    i.LL_EXTI_EnableRisingTrig_0_31  stm32f1xx_ll_exti.o
    0x080090d4   0x080090d4   0x000000bc   Code   RO         1848    i.LL_EXTI_Init      stm32f1xx_ll_exti.o
    0x08009190   0x08009190   0x00000018   Code   RO          548    i.LL_EXTI_IsActiveFlag_0_31  stm32f1xx_it.o
    0x080091a8   0x080091a8   0x0000002c   Code   RO          259    i.LL_GPIO_AF_SetEXTISource  gpio.o
    0x080091d4   0x080091d4   0x00000128   Code   RO         1147    i.LL_GPIO_Init      stm32f1xx_ll_gpio.o
    0x080092fc   0x080092fc   0x0000002c   Code   RO          260    i.LL_GPIO_SetPinMode  gpio.o
    0x08009328   0x08009328   0x0000000a   Code   RO         3325    i.LL_RTC_ClearFlag_RS  stm32f1xx_ll_rtc.o
    0x08009332   0x08009332   0x0000000a   Code   RO         3327    i.LL_RTC_DisableWriteProtection  stm32f1xx_ll_rtc.o
    0x0800933c   0x0800933c   0x0000000a   Code   RO         3328    i.LL_RTC_EnableWriteProtection  stm32f1xx_ll_rtc.o
    0x08009346   0x08009346   0x00000046   Code   RO         3329    i.LL_RTC_EnterInitMode  stm32f1xx_ll_rtc.o
    0x0800938c   0x0800938c   0x00000046   Code   RO         3330    i.LL_RTC_ExitInitMode  stm32f1xx_ll_rtc.o
    0x080093d2   0x080093d2   0x00000002   PAD
    0x080093d4   0x080093d4   0x00000094   Code   RO         3331    i.LL_RTC_Init       stm32f1xx_ll_rtc.o
    0x08009468   0x08009468   0x0000000a   Code   RO         3332    i.LL_RTC_IsActiveFlag_RS  stm32f1xx_ll_rtc.o
    0x08009472   0x08009472   0x0000000a   Code   RO         3333    i.LL_RTC_IsActiveFlag_RTOF  stm32f1xx_ll_rtc.o
    0x0800947c   0x0800947c   0x00000046   Code   RO         3339    i.LL_RTC_WaitForSynchro  stm32f1xx_ll_rtc.o
    0x080094c2   0x080094c2   0x0000000c   Code   RO         3340    i.LL_SYSTICK_IsActiveCounterFlag  stm32f1xx_ll_rtc.o
    0x080094ce   0x080094ce   0x00000002   PAD
    0x080094d0   0x080094d0   0x0000000c   Code   RO         1749    i.LL_SetSystemCoreClock  stm32f1xx_ll_utils.o
    0x080094dc   0x080094dc   0x0000000a   Code   RO          472    i.LL_TIM_DisableARRPreload  tim.o
    0x080094e6   0x080094e6   0x0000000a   Code   RO          839    i.LL_TIM_DisableCounter  usbd_cdc_if.o
    0x080094f0   0x080094f0   0x0000000a   Code   RO          473    i.LL_TIM_DisableMasterSlaveMode  tim.o
    0x080094fa   0x080094fa   0x00000002   PAD
    0x080094fc   0x080094fc   0x00000084   Code   RO         3472    i.LL_TIM_Init       stm32f1xx_ll_tim.o
    0x08009580   0x08009580   0x0000000e   Code   RO          474    i.LL_TIM_SetClockSource  tim.o
    0x0800958e   0x0800958e   0x0000000c   Code   RO          475    i.LL_TIM_SetTriggerOutput  tim.o
    0x0800959a   0x0800959a   0x00000002   PAD
    0x0800959c   0x0800959c   0x000002d0   Code   RO          334    i.MX_ADC1_Init      adc.o
    0x0800986c   0x0800986c   0x00000078   Code   RO          335    i.MX_ADC2_Init      adc.o
    0x080098e4   0x080098e4   0x000000d0   Code   RO          403    i.MX_DMA_Init       dma.o
    0x080099b4   0x080099b4   0x00000090   Code   RO          261    i.MX_GPIO_Init      gpio.o
    0x08009a44   0x08009a44   0x00000080   Code   RO          436    i.MX_RTC_Init       rtc.o
    0x08009ac4   0x08009ac4   0x000000d0   Code   RO          476    i.MX_TIM2_Init      tim.o
    0x08009b94   0x08009b94   0x00000064   Code   RO          477    i.MX_TIM3_Init      tim.o
    0x08009bf8   0x08009bf8   0x00000054   Code   RO          478    i.MX_TIM4_Init      tim.o
    0x08009c4c   0x08009c4c   0x0000004c   Code   RO          694    i.MX_USB_DEVICE_Init  usb_device.o
    0x08009c98   0x08009c98   0x00000004   Code   RO          549    i.MemManage_Handler  stm32f1xx_it.o
    0x08009c9c   0x08009c9c   0x0000013c   Code   RO           17    i.MouseLag          main.o
    0x08009dd8   0x08009dd8   0x00000004   Code   RO          550    i.NMI_Handler       stm32f1xx_it.o
    0x08009ddc   0x08009ddc   0x000004ec   Code   RO         1232    i.PCD_EP_ISR_Handler  stm32f1xx_hal_pcd.o
    0x0800a2c8   0x0800a2c8   0x00000002   Code   RO          551    i.PendSV_Handler    stm32f1xx_it.o
    0x0800a2ca   0x0800a2ca   0x00000002   PAD
    0x0800a2cc   0x0800a2cc   0x00000024   Code   RO           18    i.Read_UID          main.o
    0x0800a2f0   0x0800a2f0   0x00000002   Code   RO          552    i.SVC_Handler       stm32f1xx_it.o
    0x0800a2f2   0x0800a2f2   0x00000008   Code   RO          553    i.SysTick_Handler   stm32f1xx_it.o
    0x0800a2fa   0x0800a2fa   0x00000002   PAD
    0x0800a2fc   0x0800a2fc   0x0000019c   Code   RO           19    i.SystemClock_Config  main.o
    0x0800a498   0x0800a498   0x00000002   Code   RO         3617    i.SystemInit        system_stm32f1xx.o
    0x0800a49a   0x0800a49a   0x00000002   PAD
    0x0800a49c   0x0800a49c   0x0000002c   Code   RO          554    i.TIM2_IRQHandler   stm32f1xx_it.o
    0x0800a4c8   0x0800a4c8   0x0000007c   Code   RO         3952    i.USBD_CDC_DataIn   usbd_cdc.o
    0x0800a544   0x0800a544   0x00000034   Code   RO         3953    i.USBD_CDC_DataOut  usbd_cdc.o
    0x0800a578   0x0800a578   0x0000004e   Code   RO         3954    i.USBD_CDC_DeInit   usbd_cdc.o
    0x0800a5c6   0x0800a5c6   0x00000032   Code   RO         3955    i.USBD_CDC_EP0_RxReady  usbd_cdc.o
    0x0800a5f8   0x0800a5f8   0x00000010   Code   RO         3956    i.USBD_CDC_GetDeviceQualifierDescriptor  usbd_cdc.o
    0x0800a608   0x0800a608   0x00000010   Code   RO         3957    i.USBD_CDC_GetFSCfgDesc  usbd_cdc.o
    0x0800a618   0x0800a618   0x00000010   Code   RO         3958    i.USBD_CDC_GetHSCfgDesc  usbd_cdc.o
    0x0800a628   0x0800a628   0x00000010   Code   RO         3959    i.USBD_CDC_GetOtherSpeedCfgDesc  usbd_cdc.o
    0x0800a638   0x0800a638   0x000000b8   Code   RO         3960    i.USBD_CDC_Init     usbd_cdc.o
    0x0800a6f0   0x0800a6f0   0x0000003a   Code   RO         3961    i.USBD_CDC_ReceivePacket  usbd_cdc.o
    0x0800a72a   0x0800a72a   0x0000000e   Code   RO         3962    i.USBD_CDC_RegisterInterface  usbd_cdc.o
    0x0800a738   0x0800a738   0x0000000e   Code   RO         3963    i.USBD_CDC_SetRxBuffer  usbd_cdc.o
    0x0800a746   0x0800a746   0x00000014   Code   RO         3964    i.USBD_CDC_SetTxBuffer  usbd_cdc.o
    0x0800a75a   0x0800a75a   0x000000f4   Code   RO         3965    i.USBD_CDC_Setup    usbd_cdc.o
    0x0800a84e   0x0800a84e   0x0000003e   Code   RO         3966    i.USBD_CDC_TransmitPacket  usbd_cdc.o
    0x0800a88c   0x0800a88c   0x00000016   Code   RO         3653    i.USBD_ClrClassConfig  usbd_core.o
    0x0800a8a2   0x0800a8a2   0x0000003e   Code   RO         3793    i.USBD_ClrFeature   usbd_ctlreq.o
    0x0800a8e0   0x0800a8e0   0x00000018   Code   RO         3890    i.USBD_CtlContinueRx  usbd_ioreq.o
    0x0800a8f8   0x0800a8f8   0x00000018   Code   RO         3891    i.USBD_CtlContinueSendData  usbd_ioreq.o
    0x0800a910   0x0800a910   0x00000018   Code   RO         3794    i.USBD_CtlError     usbd_ctlreq.o
    0x0800a928   0x0800a928   0x00000028   Code   RO         3892    i.USBD_CtlPrepareRx  usbd_ioreq.o
    0x0800a950   0x0800a950   0x0000001a   Code   RO         3893    i.USBD_CtlReceiveStatus  usbd_ioreq.o
    0x0800a96a   0x0800a96a   0x00000022   Code   RO         3894    i.USBD_CtlSendData  usbd_ioreq.o
    0x0800a98c   0x0800a98c   0x0000001a   Code   RO         3895    i.USBD_CtlSendStatus  usbd_ioreq.o
    0x0800a9a6   0x0800a9a6   0x00000026   Code   RO         3654    i.USBD_DeInit       usbd_core.o
    0x0800a9cc   0x0800a9cc   0x00000034   Code   RO          745    i.USBD_FS_ConfigStrDescriptor  usbd_desc.o
    0x0800aa00   0x0800aa00   0x00000010   Code   RO          746    i.USBD_FS_DeviceDescriptor  usbd_desc.o
    0x0800aa10   0x0800aa10   0x00000038   Code   RO          747    i.USBD_FS_InterfaceStrDescriptor  usbd_desc.o
    0x0800aa48   0x0800aa48   0x00000010   Code   RO          748    i.USBD_FS_LangIDStrDescriptor  usbd_desc.o
    0x0800aa58   0x0800aa58   0x0000002c   Code   RO          749    i.USBD_FS_ManufacturerStrDescriptor  usbd_desc.o
    0x0800aa84   0x0800aa84   0x00000040   Code   RO          750    i.USBD_FS_ProductStrDescriptor  usbd_desc.o
    0x0800aac4   0x0800aac4   0x00000018   Code   RO          751    i.USBD_FS_SerialStrDescriptor  usbd_desc.o
    0x0800aadc   0x0800aadc   0x00000056   Code   RO         3795    i.USBD_GetConfig    usbd_ctlreq.o
    0x0800ab32   0x0800ab32   0x000001f4   Code   RO         3796    i.USBD_GetDescriptor  usbd_ctlreq.o
    0x0800ad26   0x0800ad26   0x00000014   Code   RO         3797    i.USBD_GetLen       usbd_ctlreq.o
    0x0800ad3a   0x0800ad3a   0x0000005a   Code   RO         3798    i.USBD_GetStatus    usbd_ctlreq.o
    0x0800ad94   0x0800ad94   0x00000052   Code   RO         3799    i.USBD_GetString    usbd_ctlreq.o
    0x0800ade6   0x0800ade6   0x0000002c   Code   RO          909    i.USBD_Get_USB_Status  usbd_conf.o
    0x0800ae12   0x0800ae12   0x00000032   Code   RO         3655    i.USBD_Init         usbd_core.o
    0x0800ae44   0x0800ae44   0x00000026   Code   RO          910    i.USBD_LL_ClearStallEP  usbd_conf.o
    0x0800ae6a   0x0800ae6a   0x00000026   Code   RO          911    i.USBD_LL_CloseEP   usbd_conf.o
    0x0800ae90   0x0800ae90   0x00000100   Code   RO         3656    i.USBD_LL_DataInStage  usbd_core.o
    0x0800af90   0x0800af90   0x000000a6   Code   RO         3657    i.USBD_LL_DataOutStage  usbd_core.o
    0x0800b036   0x0800b036   0x0000001e   Code   RO          912    i.USBD_LL_DeInit    usbd_conf.o
    0x0800b054   0x0800b054   0x00000012   Code   RO          915    i.USBD_LL_GetRxDataSize  usbd_conf.o
    0x0800b066   0x0800b066   0x00000002   PAD
    0x0800b068   0x0800b068   0x00000084   Code   RO          916    i.USBD_LL_Init      usbd_conf.o
    0x0800b0ec   0x0800b0ec   0x00000038   Code   RO          917    i.USBD_LL_IsStallEP  usbd_conf.o
    0x0800b124   0x0800b124   0x00000030   Code   RO          918    i.USBD_LL_OpenEP    usbd_conf.o
    0x0800b154   0x0800b154   0x00000030   Code   RO          919    i.USBD_LL_PrepareReceive  usbd_conf.o
    0x0800b184   0x0800b184   0x0000005c   Code   RO         3662    i.USBD_LL_Reset     usbd_core.o
    0x0800b1e0   0x0800b1e0   0x00000016   Code   RO         3663    i.USBD_LL_Resume    usbd_core.o
    0x0800b1f6   0x0800b1f6   0x00000022   Code   RO         3664    i.USBD_LL_SOF       usbd_core.o
    0x0800b218   0x0800b218   0x00000008   Code   RO         3665    i.USBD_LL_SetSpeed  usbd_core.o
    0x0800b220   0x0800b220   0x00000026   Code   RO          920    i.USBD_LL_SetUSBAddress  usbd_conf.o
    0x0800b246   0x0800b246   0x0000006e   Code   RO         3666    i.USBD_LL_SetupStage  usbd_core.o
    0x0800b2b4   0x0800b2b4   0x00000026   Code   RO          921    i.USBD_LL_StallEP   usbd_conf.o
    0x0800b2da   0x0800b2da   0x0000001e   Code   RO          922    i.USBD_LL_Start     usbd_conf.o
    0x0800b2f8   0x0800b2f8   0x0000001e   Code   RO          923    i.USBD_LL_Stop      usbd_conf.o
    0x0800b316   0x0800b316   0x00000014   Code   RO         3667    i.USBD_LL_Suspend   usbd_core.o
    0x0800b32a   0x0800b32a   0x00000030   Code   RO          924    i.USBD_LL_Transmit  usbd_conf.o
    0x0800b35a   0x0800b35a   0x00000028   Code   RO         3800    i.USBD_ParseSetupRequest  usbd_ctlreq.o
    0x0800b382   0x0800b382   0x00000010   Code   RO         3668    i.USBD_RegisterClass  usbd_core.o
    0x0800b392   0x0800b392   0x00000006   Code   RO         3669    i.USBD_RunTestMode  usbd_core.o
    0x0800b398   0x0800b398   0x0000005a   Code   RO         3801    i.USBD_SetAddress   usbd_ctlreq.o
    0x0800b3f2   0x0800b3f2   0x00000022   Code   RO         3670    i.USBD_SetClassConfig  usbd_core.o
    0x0800b414   0x0800b414   0x000000e8   Code   RO         3802    i.USBD_SetConfig    usbd_ctlreq.o
    0x0800b4fc   0x0800b4fc   0x00000018   Code   RO         3803    i.USBD_SetFeature   usbd_ctlreq.o
    0x0800b514   0x0800b514   0x0000000e   Code   RO         3671    i.USBD_Start        usbd_core.o
    0x0800b522   0x0800b522   0x000000a2   Code   RO         3804    i.USBD_StdDevReq    usbd_ctlreq.o
    0x0800b5c4   0x0800b5c4   0x00000238   Code   RO         3805    i.USBD_StdEPReq     usbd_ctlreq.o
    0x0800b7fc   0x0800b7fc   0x0000007e   Code   RO         3806    i.USBD_StdItfReq    usbd_ctlreq.o
    0x0800b87a   0x0800b87a   0x0000001a   Code   RO         3672    i.USBD_Stop         usbd_core.o
    0x0800b894   0x0800b894   0x00000002   Code   RO          925    i.USBD_static_free  usbd_conf.o
    0x0800b896   0x0800b896   0x00000002   PAD
    0x0800b898   0x0800b898   0x0000000c   Code   RO          926    i.USBD_static_malloc  usbd_conf.o
    0x0800b8a4   0x0800b8a4   0x000004b0   Code   RO         1475    i.USB_ActivateEndpoint  stm32f1xx_ll_usb.o
    0x0800bd54   0x0800bd54   0x00000008   Code   RO         1478    i.USB_CoreInit      stm32f1xx_ll_usb.o
    0x0800bd5c   0x0800bd5c   0x0000027c   Code   RO         1480    i.USB_DeactivateEndpoint  stm32f1xx_ll_usb.o
    0x0800bfd8   0x0800bfd8   0x00000006   Code   RO         1481    i.USB_DevConnect    stm32f1xx_ll_usb.o
    0x0800bfde   0x0800bfde   0x00000006   Code   RO         1482    i.USB_DevDisconnect  stm32f1xx_ll_usb.o
    0x0800bfe4   0x0800bfe4   0x00000016   Code   RO         1483    i.USB_DevInit       stm32f1xx_ll_usb.o
    0x0800bffa   0x0800bffa   0x00000014   Code   RO         1484    i.USB_DisableGlobalInt  stm32f1xx_ll_usb.o
    0x0800c00e   0x0800c00e   0x00000006   Code   RO         1485    i.USB_EP0_OutStart  stm32f1xx_ll_usb.o
    0x0800c014   0x0800c014   0x000000da   Code   RO         1486    i.USB_EPClearStall  stm32f1xx_ll_usb.o
    0x0800c0ee   0x0800c0ee   0x0000005c   Code   RO         1487    i.USB_EPSetStall    stm32f1xx_ll_usb.o
    0x0800c14a   0x0800c14a   0x00000a50   Code   RO         1488    i.USB_EPStartXfer   stm32f1xx_ll_usb.o
    0x0800cb9a   0x0800cb9a   0x00000012   Code   RO         1490    i.USB_EnableGlobalInt  stm32f1xx_ll_usb.o
    0x0800cbac   0x0800cbac   0x00000010   Code   RO          555    i.USB_LP_CAN1_RX0_IRQHandler  stm32f1xx_it.o
    0x0800cbbc   0x0800cbbc   0x00000008   Code   RO         1497    i.USB_ReadInterrupts  stm32f1xx_ll_usb.o
    0x0800cbc4   0x0800cbc4   0x0000004a   Code   RO         1498    i.USB_ReadPMA       stm32f1xx_ll_usb.o
    0x0800cc0e   0x0800cc0e   0x00000006   Code   RO         1499    i.USB_SetCurrentMode  stm32f1xx_ll_usb.o
    0x0800cc14   0x0800cc14   0x0000000e   Code   RO         1500    i.USB_SetDevAddress  stm32f1xx_ll_usb.o
    0x0800cc22   0x0800cc22   0x00000016   Code   RO         1501    i.USB_StopDevice    stm32f1xx_ll_usb.o
    0x0800cc38   0x0800cc38   0x00000040   Code   RO         1502    i.USB_WritePMA      stm32f1xx_ll_usb.o
    0x0800cc78   0x0800cc78   0x00000004   Code   RO          556    i.UsageFault_Handler  stm32f1xx_it.o
    0x0800cc7c   0x0800cc7c   0x00000010   Code   RO         2405    i.__NVIC_GetPriorityGrouping  stm32f1xx_hal_cortex.o
    0x0800cc8c   0x0800cc8c   0x00000028   Code   RO         2406    i.__NVIC_SetPriority  stm32f1xx_hal_cortex.o
    0x0800ccb4   0x0800ccb4   0x000001a4   Code   RO           20    i.main              main.o
    0x0800ce58   0x0800ce58   0x00000072   Code   RO           21    i.u32_to_dec_str    main.o
    0x0800ceca   0x0800ceca   0x0000002a   Data   RO          337    .constdata          adc.o
    0x0800cef4   0x0800cef4   0x00000016   Data   RO           24    .conststring        main.o
    0x0800cf0a   0x0800cf0a   0x00000002   PAD
    0x0800cf0c   0x0800cf0c   0x00000020   Data   RO         4218    Region$$Table       anon$$obj.o


    Execution Region RW_IRAM1 (Exec base: 0x20000000, Load base: 0x0800cf2c, Size: 0x00001e78, Max: 0x00005000, ABSOLUTE, COMPRESSED[0x000000c8])

    Exec Addr    Load Addr    Size         Type   Attr      Idx    E Section Name        Object

    0x20000000   COMPRESSED   0x00000016   Data   RW           25    .data               main.o
    0x20000016   COMPRESSED   0x00000002   PAD
    0x20000018   COMPRESSED   0x0000004e   Data   RW          754    .data               usbd_desc.o
    0x20000066   COMPRESSED   0x00000002   PAD
    0x20000068   COMPRESSED   0x00000010   Data   RW          842    .data               usbd_cdc_if.o
    0x20000078   COMPRESSED   0x00000009   Data   RW         1935    .data               stm32f1xx_hal.o
    0x20000081   COMPRESSED   0x00000003   PAD
    0x20000084   COMPRESSED   0x00000004   Data   RW         3619    .data               system_stm32f1xx.o
    0x20000088   COMPRESSED   0x00000001   Data   RW         3808    .data               usbd_ctlreq.o
    0x20000089   COMPRESSED   0x00000003   PAD
    0x2000008c   COMPRESSED   0x0000010f   Data   RW         3968    .data               usbd_cdc.o
    0x2000019b   COMPRESSED   0x00000001   PAD
    0x2000019c        -       0x0000008c   Zero   RW           22    .bss                main.o
    0x20000228        -       0x00000030   Zero   RW          336    .bss                adc.o
    0x20000258        -       0x000002c4   Zero   RW          695    .bss                usb_device.o
    0x2000051c        -       0x00000200   Zero   RW          752    .bss                usbd_desc.o
    0x2000071c        -       0x00000800   Zero   RW          840    .bss                usbd_cdc_if.o
    0x20000f1c        -       0x000004f8   Zero   RW          927    .bss                usbd_conf.o
    0x20001414        -       0x00000060   Zero   RW         4092    .bss                c_w.l(libspace.o)
    0x20001474   COMPRESSED   0x00000004   PAD
    0x20001478        -       0x00000400   Zero   RW            2    HEAP                startup_stm32f103xb.o
    0x20001878        -       0x00000600   Zero   RW            1    STACK               startup_stm32f103xb.o


==============================================================================

Image component sizes


      Code (inc. data)   RO Data    RW Data    ZI Data      Debug   Object Name

      1010         62         42          0         48      47728   adc.o
       208         14          0          0          0      28937   dma.o
       260         28          0          0          0      12431   gpio.o
      1948        160         22         22        140     513163   main.o
       128         14          0          0          0      16282   rtc.o
        64         26        236          0       2560        800   startup_stm32f103xb.o
       192         36          0          9          0       5809   stm32f1xx_hal.o
       768         24          0          0          0       3076   stm32f1xx_hal_adc.o
       372         28          0          0          0      30045   stm32f1xx_hal_cortex.o
       812         34          0          0          0       2640   stm32f1xx_hal_gpio.o
        84          8          0          0          0        874   stm32f1xx_hal_msp.o
      4588          0          0          0          0      16165   stm32f1xx_hal_pcd.o
        68          0          0          0          0       1150   stm32f1xx_hal_pcd_ex.o
       244         34          0          0          0      45140   stm32f1xx_it.o
       234         14          0          0          0      38704   stm32f1xx_ll_adc.o
       284         28          0          0          0       7079   stm32f1xx_ll_exti.o
       296          0          0          0          0      10487   stm32f1xx_ll_gpio.o
       420          4          0          0          0      12647   stm32f1xx_ll_rtc.o
       132         14          0          0          0      29234   stm32f1xx_ll_tim.o
      5060          0          0          0          0      19352   stm32f1xx_ll_usb.o
        12          6          0          0          0        544   stm32f1xx_ll_utils.o
         2          0          0          4          0       1083   system_stm32f1xx.o
       466         24          0          0          0      53680   tim.o
        76         16          0          0        708       2647   usb_device.o
       964         24          0        271          0      13002   usbd_cdc.o
       366         58          0         16       2048      28252   usbd_cdc_if.o
       942         38          0          0       1272      16437   usbd_conf.o
       914          0          0          0          0      10953   usbd_core.o
      2106         28          0          1          0      10512   usbd_ctlreq.o
       386        122          0         78        512       6653   usbd_desc.o
       174          0          0          0          0       4456   usbd_ioreq.o

    ----------------------------------------------------------------------
     23612        844        334        412       7288     989962   Object Totals
         0          0         32          0          0          0   (incl. Generated)
        32          0          2         11          0          0   (incl. Padding)

    ----------------------------------------------------------------------

      Code (inc. data)   RO Data    RW Data    ZI Data      Debug   Library Member Name

        90          0          0          0          0          0   __dczerorl2.o
         8          0          0          0          0         68   __main.o
         0          0          0          0          0          0   __rtentry.o
        12          0          0          0          0          0   __rtentry2.o
         6          0          0          0          0          0   __rtentry4.o
        52          8          0          0          0          0   __scatter.o
        28          0          0          0          0          0   __scatter_zi.o
        18          0          0          0          0         80   exit.o
         6          0          0          0          0        152   heapauxi.o
         0          0          0          0          0          0   indicate_semi.o
         2          0          0          0          0          0   libinit.o
         2          0          0          0          0          0   libinit2.o
         2          0          0          0          0          0   libshutdown.o
         2          0          0          0          0          0   libshutdown2.o
         8          4          0          0         96         68   libspace.o
        78          0          0          0          0         80   rt_memclr_w.o
         2          0          0          0          0          0   rtexit.o
        10          0          0          0          0          0   rtexit2.o
        12          4          0          0          0         68   sys_exit.o
        74          0          0          0          0         80   sys_stackheap_outer.o
         2          0          0          0          0         68   use_no_semi.o

    ----------------------------------------------------------------------
       418         16          0          0        100        664   Library Totals
         4          0          0          0          4          0   (incl. Padding)

    ----------------------------------------------------------------------

      Code (inc. data)   RO Data    RW Data    ZI Data      Debug   Library Name

       414         16          0          0         96        664   c_w.l

    ----------------------------------------------------------------------
       418         16          0          0        100        664   Library Totals

    ----------------------------------------------------------------------

==============================================================================


      Code (inc. data)   RO Data    RW Data    ZI Data      Debug   

     24030        860        334        412       7388     979442   Grand Totals
     24030        860        334        200       7388     979442   ELF Image Totals (compressed)
     24030        860        334        200          0          0   ROM Totals

==============================================================================

    Total RO  Size (Code + RO Data)                24364 (  23.79kB)
    Total RW  Size (RW Data + ZI Data)              7800 (   7.62kB)
    Total ROM Size (Code + RO Data + RW Data)      24564 (  23.99kB)

==============================================================================

